Archive member included to satisfy reference by file (symbol)

D:/ST/STM32CubeIDE_1.14.1/STM32CubeIDE/plugins/com.st.stm32cube.ide.mcu.externaltools.gnu-tools-for-stm32.11.3.rel1.win32_1.1.100.202309141235/tools/bin/../lib/gcc/arm-none-eabi/11.3.1/../../../../arm-none-eabi/lib/thumb/v7e-m+dp/hard\libc_nano.a(libc_a-exit.o)
                              D:/ST/STM32CubeIDE_1.14.1/STM32CubeIDE/plugins/com.st.stm32cube.ide.mcu.externaltools.gnu-tools-for-stm32.11.3.rel1.win32_1.1.100.202309141235/tools/bin/../lib/gcc/arm-none-eabi/11.3.1/../../../../arm-none-eabi/lib/thumb/v7e-m+dp/hard/crt0.o (exit)
D:/ST/STM32CubeIDE_1.14.1/STM32CubeIDE/plugins/com.st.stm32cube.ide.mcu.externaltools.gnu-tools-for-stm32.11.3.rel1.win32_1.1.100.202309141235/tools/bin/../lib/gcc/arm-none-eabi/11.3.1/../../../../arm-none-eabi/lib/thumb/v7e-m+dp/hard\libc_nano.a(libc_a-findfp.o)
                              D:/ST/STM32CubeIDE_1.14.1/STM32CubeIDE/plugins/com.st.stm32cube.ide.mcu.externaltools.gnu-tools-for-stm32.11.3.rel1.win32_1.1.100.202309141235/tools/bin/../lib/gcc/arm-none-eabi/11.3.1/../../../../arm-none-eabi/lib/thumb/v7e-m+dp/hard\libc_nano.a(libc_a-exit.o) (__stdio_exit_handler)
D:/ST/STM32CubeIDE_1.14.1/STM32CubeIDE/plugins/com.st.stm32cube.ide.mcu.externaltools.gnu-tools-for-stm32.11.3.rel1.win32_1.1.100.202309141235/tools/bin/../lib/gcc/arm-none-eabi/11.3.1/../../../../arm-none-eabi/lib/thumb/v7e-m+dp/hard\libc_nano.a(libc_a-fwalk.o)
                              D:/ST/STM32CubeIDE_1.14.1/STM32CubeIDE/plugins/com.st.stm32cube.ide.mcu.externaltools.gnu-tools-for-stm32.11.3.rel1.win32_1.1.100.202309141235/tools/bin/../lib/gcc/arm-none-eabi/11.3.1/../../../../arm-none-eabi/lib/thumb/v7e-m+dp/hard\libc_nano.a(libc_a-findfp.o) (_fwalk_sglue)
D:/ST/STM32CubeIDE_1.14.1/STM32CubeIDE/plugins/com.st.stm32cube.ide.mcu.externaltools.gnu-tools-for-stm32.11.3.rel1.win32_1.1.100.202309141235/tools/bin/../lib/gcc/arm-none-eabi/11.3.1/../../../../arm-none-eabi/lib/thumb/v7e-m+dp/hard\libc_nano.a(libc_a-stdio.o)
                              D:/ST/STM32CubeIDE_1.14.1/STM32CubeIDE/plugins/com.st.stm32cube.ide.mcu.externaltools.gnu-tools-for-stm32.11.3.rel1.win32_1.1.100.202309141235/tools/bin/../lib/gcc/arm-none-eabi/11.3.1/../../../../arm-none-eabi/lib/thumb/v7e-m+dp/hard\libc_nano.a(libc_a-findfp.o) (__sread)
D:/ST/STM32CubeIDE_1.14.1/STM32CubeIDE/plugins/com.st.stm32cube.ide.mcu.externaltools.gnu-tools-for-stm32.11.3.rel1.win32_1.1.100.202309141235/tools/bin/../lib/gcc/arm-none-eabi/11.3.1/../../../../arm-none-eabi/lib/thumb/v7e-m+dp/hard\libc_nano.a(libc_a-memset.o)
                              D:/ST/STM32CubeIDE_1.14.1/STM32CubeIDE/plugins/com.st.stm32cube.ide.mcu.externaltools.gnu-tools-for-stm32.11.3.rel1.win32_1.1.100.202309141235/tools/bin/../lib/gcc/arm-none-eabi/11.3.1/../../../../arm-none-eabi/lib/thumb/v7e-m+dp/hard/crt0.o (memset)
D:/ST/STM32CubeIDE_1.14.1/STM32CubeIDE/plugins/com.st.stm32cube.ide.mcu.externaltools.gnu-tools-for-stm32.11.3.rel1.win32_1.1.100.202309141235/tools/bin/../lib/gcc/arm-none-eabi/11.3.1/../../../../arm-none-eabi/lib/thumb/v7e-m+dp/hard\libc_nano.a(libc_a-closer.o)
                              D:/ST/STM32CubeIDE_1.14.1/STM32CubeIDE/plugins/com.st.stm32cube.ide.mcu.externaltools.gnu-tools-for-stm32.11.3.rel1.win32_1.1.100.202309141235/tools/bin/../lib/gcc/arm-none-eabi/11.3.1/../../../../arm-none-eabi/lib/thumb/v7e-m+dp/hard\libc_nano.a(libc_a-stdio.o) (_close_r)
D:/ST/STM32CubeIDE_1.14.1/STM32CubeIDE/plugins/com.st.stm32cube.ide.mcu.externaltools.gnu-tools-for-stm32.11.3.rel1.win32_1.1.100.202309141235/tools/bin/../lib/gcc/arm-none-eabi/11.3.1/../../../../arm-none-eabi/lib/thumb/v7e-m+dp/hard\libc_nano.a(libc_a-reent.o)
                              D:/ST/STM32CubeIDE_1.14.1/STM32CubeIDE/plugins/com.st.stm32cube.ide.mcu.externaltools.gnu-tools-for-stm32.11.3.rel1.win32_1.1.100.202309141235/tools/bin/../lib/gcc/arm-none-eabi/11.3.1/../../../../arm-none-eabi/lib/thumb/v7e-m+dp/hard\libc_nano.a(libc_a-closer.o) (errno)
D:/ST/STM32CubeIDE_1.14.1/STM32CubeIDE/plugins/com.st.stm32cube.ide.mcu.externaltools.gnu-tools-for-stm32.11.3.rel1.win32_1.1.100.202309141235/tools/bin/../lib/gcc/arm-none-eabi/11.3.1/../../../../arm-none-eabi/lib/thumb/v7e-m+dp/hard\libc_nano.a(libc_a-impure.o)
                              D:/ST/STM32CubeIDE_1.14.1/STM32CubeIDE/plugins/com.st.stm32cube.ide.mcu.externaltools.gnu-tools-for-stm32.11.3.rel1.win32_1.1.100.202309141235/tools/bin/../lib/gcc/arm-none-eabi/11.3.1/../../../../arm-none-eabi/lib/thumb/v7e-m+dp/hard\libc_nano.a(libc_a-reent.o) (_impure_ptr)
D:/ST/STM32CubeIDE_1.14.1/STM32CubeIDE/plugins/com.st.stm32cube.ide.mcu.externaltools.gnu-tools-for-stm32.11.3.rel1.win32_1.1.100.202309141235/tools/bin/../lib/gcc/arm-none-eabi/11.3.1/../../../../arm-none-eabi/lib/thumb/v7e-m+dp/hard\libc_nano.a(libc_a-lseekr.o)
[...]
Memory Configuration

Name             Origin             Length             Attributes
RAM_D1           0x0000000024000000 0x0000000000080000 xrw
FLASH            0x0000000008000000 0x0000000000100000 xr
DTCMRAM          0x0000000020000000 0x0000000000020000 xrw
RAM_D2           0x0000000030000000 0x0000000000048000 xrw
RAM_D3           0x0000000038000000 0x0000000000010000 xrw
ITCMRAM          0x0000000000000000 0x0000000000010000 xrw
*default*        0x0000000000000000 0xffffffffffffffff

Linker script and memory map

LOAD D:/ST/STM32CubeIDE_1.14.1/STM32CubeIDE/plugins/com.st.stm32cube.ide.mcu.externaltools.gnu-tools-for-stm32.11.3.rel1.win32_1.1.100.202309141235/tools/bin/../lib/gcc/arm-none-eabi/11.3.1/thumb/v7e-m+dp/hard/crti.o
LOAD D:/ST/STM32CubeIDE_1.14.1/STM32CubeIDE/plugins/com.st.stm32cube.ide.mcu.externaltools.gnu-tools-for-stm32.11.3.rel1.win32_1.1.100.202309141235/tools/bin/../lib/gcc/arm-none-eabi/11.3.1/thumb/v7e-m+dp/hard/crtbegin.o
LOAD D:/ST/STM32CubeIDE_1.14.1/STM32CubeIDE/plugins/com.st.stm32cube.ide.mcu.externaltools.gnu-tools-for-stm32.11.3.rel1.win32_1.1.100.202309141235/tools/bin/../lib/gcc/arm-none-eabi/11.3.1/../../../../arm-none-eabi/lib/thumb/v7e-m+dp/hard/crt0.o
LOAD ./Common/Src/system_stm32h7xx_dualcore_boot_cm4_cm7.o
LOAD ./Core/Src/adc.o
LOAD ./Core/Src/adc_config.o
LOAD ./Core/Src/dma.o
LOAD ./Core/Src/gpio.o
LOAD ./Core/Src/main.o
LOAD ./Core/Src/no_load_controller.o
LOAD ./Core/Src/ocp.o
LOAD ./Core/Src/pi_controller.o
LOAD ./Core/Src/pi_controller_current.o
LOAD ./Core/Src/power_on.o
LOAD ./Core/Src/stm32h7xx_it.o
LOAD ./Core/Src/syscalls.o
LOAD ./Core/Src/sysmem.o
LOAD ./Core/Src/tim.o
LOAD ./Core/Startup/startup_stm32h755zitx.o
LOAD ./Drivers/STM32H7xx_HAL_Driver/Src/stm32h7xx_ll_adc.o
LOAD ./Drivers/STM32H7xx_HAL_Driver/Src/stm32h7xx_ll_dma.o
LOAD ./Drivers/STM32H7xx_HAL_Driver/Src/stm32h7xx_ll_exti.o
LOAD ./Drivers/STM32H7xx_HAL_Driver/Src/stm32h7xx_ll_gpio.o
LOAD ./Drivers/STM32H7xx_HAL_Driver/Src/stm32h7xx_ll_pwr.o
LOAD ./Drivers/STM32H7xx_HAL_Driver/Src/stm32h7xx_ll_rcc.o
LOAD ./Drivers/STM32H7xx_HAL_Driver/Src/stm32h7xx_ll_tim.o
LOAD ./Drivers/STM32H7xx_HAL_Driver/Src/stm32h7xx_ll_usart.o
LOAD ./Drivers/STM32H7xx_HAL_Driver/Src/stm32h7xx_ll_utils.o
START GROUP
LOAD D:/ST/STM32CubeIDE_1.14.1/STM32CubeIDE/plugins/com.st.stm32cube.ide.mcu.externaltools.gnu-tools-for-stm32.11.3.rel1.win32_1.1.100.202309141235/tools/bin/../lib/gcc/arm-none-eabi/11.3.1/../../../../arm-none-eabi/lib/thumb/v7e-m+dp/hard\libc_nano.a
LOAD D:/ST/STM32CubeIDE_1.14.1/STM32CubeIDE/plugins/com.st.stm32cube.ide.mcu.externaltools.gnu-tools-for-stm32.11.3.rel1.win32_1.1.100.202309141235/tools/bin/../lib/gcc/arm-none-eabi/11.3.1/../../../../arm-none-eabi/lib/thumb/v7e-m+dp/hard\libm.a
END GROUP
START GROUP
LOAD D:/ST/STM32CubeIDE_1.14.1/STM32CubeIDE/plugins/com.st.stm32cube.ide.mcu.externaltools.gnu-tools-for-stm32.11.3.rel1.win32_1.1.100.202309141235/tools/bin/../lib/gcc/arm-none-eabi/11.3.1/thumb/v7e-m+dp/hard\libgcc.a
LOAD D:/ST/STM32CubeIDE_1.14.1/STM32CubeIDE/plugins/com.st.stm32cube.ide.mcu.externaltools.gnu-tools-for-stm32.11.3.rel1.win32_1.1.100.202309141235/tools/bin/../lib/gcc/arm-none-eabi/11.3.1/../../../../arm-none-eabi/lib/thumb/v7e-m+dp/hard\libc_nano.a
END GROUP
START GROUP
LOAD D:/ST/STM32CubeIDE_1.14.1/STM32CubeIDE/plugins/com.st.stm32cube.ide.mcu.externaltools.gnu-tools-for-stm32.11.3.rel1.win32_1.1.100.202309141235/tools/bin/../lib/gcc/arm-none-eabi/11.3.1/thumb/v7e-m+dp/hard\libgcc.a
LOAD D:/ST/STM32CubeIDE_1.14.1/STM32CubeIDE/plugins/com.st.stm32cube.ide.mcu.externaltools.gnu-tools-for-stm32.11.3.rel1.win32_1.1.100.202309141235/tools/bin/../lib/gcc/arm-none-eabi/11.3.1/../../../../arm-none-eabi/lib/thumb/v7e-m+dp/hard\libc_nano.a
LOAD D:/ST/STM32CubeIDE_1.14.1/STM32CubeIDE/plugins/com.st.stm32cube.ide.mcu.externaltools.gnu-tools-for-stm32.11.3.rel1.win32_1.1.100.202309141235/tools/bin/../lib/gcc/arm-none-eabi/11.3.1/../../../../arm-none-eabi/lib/thumb/v7e-m+dp/hard\libnosys.a
END GROUP
START GROUP
LOAD D:/ST/STM32CubeIDE_1.14.1/STM32CubeIDE/plugins/com.st.stm32cube.ide.mcu.externaltools.gnu-tools-for-stm32.11.3.rel1.win32_1.1.100.202309141235/tools/bin/../lib/gcc/arm-none-eabi/11.3.1/thumb/v7e-m+dp/hard\libgcc.a
LOAD D:/ST/STM32CubeIDE_1.14.1/STM32CubeIDE/plugins/com.st.stm32cube.ide.mcu.externaltools.gnu-tools-for-stm32.11.3.rel1.win32_1.1.100.202309141235/tools/bin/../lib/gcc/arm-none-eabi/11.3.1/../../../../arm-none-eabi/lib/thumb/v7e-m+dp/hard\libc_nano.a
LOAD D:/ST/STM32CubeIDE_1.14.1/STM32CubeIDE/plugins/com.st.stm32cube.ide.mcu.externaltools.gnu-tools-for-stm32.11.3.rel1.win32_1.1.100.202309141235/tools/bin/../lib/gcc/arm-none-eabi/11.3.1/../../../../arm-none-eabi/lib/thumb/v7e-m+dp/hard\libnosys.a
END GROUP
LOAD D:/ST/STM32CubeIDE_1.14.1/STM32CubeIDE/plugins/com.st.stm32cube.ide.mcu.externaltools.gnu-tools-for-stm32.11.3.rel1.win32_1.1.100.202309141235/tools/bin/../lib/gcc/arm-none-eabi/11.3.1/thumb/v7e-m+dp/hard/crtend.o
LOAD D:/ST/STM32CubeIDE_1.14.1/STM32CubeIDE/plugins/com.st.stm32cube.ide.mcu.externaltools.gnu-tools-for-stm32.11.3.rel1.win32_1.1.100.202309141235/tools/bin/../lib/gcc/arm-none-eabi/11.3.1/thumb/v7e-m+dp/hard/crtn.o
                0x0000000024080000                _estack = (ORIGIN (RAM_D1) + LENGTH (RAM_D1))
                0x0000000000000200                _Min_Heap_Size = 0x200
                0x0000000000000400                _Min_Stack_Size = 0x400

.isr_vector     0x0000000008000000      0x298
                0x0000000008000000                . = ALIGN (0x4)
 *(.isr_vector)
 .isr_vector    0x0000000008000000      0x298 ./Core/Startup/startup_stm32h755zitx.o
                0x0000000008000000                g_pfnVectors
                0x0000000008000298                . = ALIGN (0x4)

.text           0x0000000008000298     0x4370
                0x0000000008000298                . = ALIGN (0x4)
 *(.text)
 .text          0x0000000008000298       0x40 D:/ST/STM32CubeIDE_1.14.1/STM32CubeIDE/plugins/com.st.stm32cube.ide.mcu.externaltools.gnu-tools-for-stm32.11.3.rel1.win32_1.1.100.202309141235/tools/bin/../lib/gcc/arm-none-eabi/11.3.1/thumb/v7e-m+dp/hard/crtbegin.o
 *(.text*)
 .text.SystemInit
                0x00000000080002d8      0x12c ./Common/Src/system_stm32h7xx_dualcore_boot_cm4_cm7.o
                0x00000000080002d8                SystemInit
 .text.LL_ADC_REG_SetSequencerRanks
                0x0000000008000404       0x58 ./Core/Src/adc.o
 .text.LL_ADC_SetChannelSamplingTime
                0x000000000800045c       0x56 ./Core/Src/adc.o
 *fill*         0x00000000080004b2        0x2 
 .text.LL_ADC_SetChannelSingleDiff
                0x00000000080004b4       0x48 ./Core/Src/adc.o
 .text.LL_ADC_SetOverSamplingScope
                0x00000000080004fc       0x2c ./Core/Src/adc.o
 .text.LL_ADC_DisableDeepPowerDown
                0x0000000008000528       0x24 ./Core/Src/adc.o
 .text.LL_ADC_EnableInternalRegulator
                0x000000000800054c       0x28 ./Core/Src/adc.o
 .text.LL_DMA_SetDataTransferDirection
                0x0000000008000574       0x4c ./Core/Src/adc.o
 .text.LL_DMA_SetMode
                0x00000000080005c0       0x4c ./Core/Src/adc.o
 .text.LL_DMA_SetPeriphIncMode
                0x000000000800060c       0x4c ./Core/Src/adc.o
 .text.LL_DMA_SetMemoryIncMode
                0x0000000008000658       0x4c ./Core/Src/adc.o
 .text.LL_DMA_SetPeriphSize
                0x00000000080006a4       0x4c ./Core/Src/adc.o
 .text.LL_DMA_SetMemorySize
                0x00000000080006f0       0x4c ./Core/Src/adc.o
 .text.LL_DMA_SetStreamPriorityLevel
                0x000000000800073c       0x4c ./Core/Src/adc.o
 .text.LL_DMA_SetPeriphRequest
                0x0000000008000788       0x60 ./Core/Src/adc.o
 .text.LL_DMA_DisableFifoMode
                0x00000000080007e8       0x44 ./Core/Src/adc.o
 .text.LL_RCC_SetADCClockSource
                0x000000000800082c       0x28 ./Core/Src/adc.o
 .text.LL_AHB1_GRP1_EnableClock
                0x0000000008000854       0x38 ./Core/Src/adc.o
 .text.LL_AHB4_GRP1_EnableClock
                0x000000000800088c       0x38 ./Core/Src/adc.o
 .text.MX_ADC1_Init
                0x00000000080008c4      0x1ac ./Core/Src/adc.o
                0x00000000080008c4                MX_ADC1_Init
 .text.MX_ADC2_Init
                0x0000000008000a70      0x1a8 ./Core/Src/adc.o
                0x0000000008000a70                MX_ADC2_Init
 .text.LL_ADC_Enable
                0x0000000008000c18       0x28 ./Core/Src/adc_config.o
 .text.LL_ADC_StartCalibration
                0x0000000008000c40       0x3c ./Core/Src/adc_config.o
 .text.LL_ADC_IsCalibrationOnGoing
                0x0000000008000c7c       0x28 ./Core/Src/adc_config.o
 .text.LL_ADC_REG_StartConversion
                0x0000000008000ca4       0x28 ./Core/Src/adc_config.o
 .text.LL_ADC_IsActiveFlag_ADRDY
                0x0000000008000ccc       0x26 ./Core/Src/adc_config.o
 *fill*         0x0000000008000cf2        0x2 
 .text.LL_DMA_EnableStream
                0x0000000008000cf4       0x44 ./Core/Src/adc_config.o
 .text.LL_DMA_SetDataLength
                0x0000000008000d38       0x50 ./Core/Src/adc_config.o
 .text.LL_DMA_SetMemoryAddress
                0x0000000008000d88       0x34 ./Core/Src/adc_config.o
 .text.LL_DMA_SetPeriphAddress
                0x0000000008000dbc       0x34 ./Core/Src/adc_config.o
 .text.ADC1_Init_Custom
                0x0000000008000df0       0x94 ./Core/Src/adc_config.o
                0x0000000008000df0                ADC1_Init_Custom
 .text.ADC2_Init_Custom
                0x0000000008000e84       0x94 ./Core/Src/adc_config.o
                0x0000000008000e84                ADC2_Init_Custom
 .text.__NVIC_GetPriorityGrouping
                0x0000000008000f18       0x1c ./Core/Src/dma.o
 .text.__NVIC_EnableIRQ
                0x0000000008000f34       0x3c ./Core/Src/dma.o
 .text.__NVIC_SetPriority
                0x0000000008000f70       0x54 ./Core/Src/dma.o
 .text.NVIC_EncodePriority
                0x0000000008000fc4       0x66 ./Core/Src/dma.o
 *fill*         0x000000000800102a        0x2 
 .text.LL_AHB1_GRP1_EnableClock
                0x000000000800102c       0x38 ./Core/Src/dma.o
 .text.MX_DMA_Init
                0x0000000008001064       0x4e ./Core/Src/dma.o
                0x0000000008001064                MX_DMA_Init
 *fill*         0x00000000080010b2        0x2 
 .text.LL_AHB4_GRP1_EnableClock
                0x00000000080010b4       0x38 ./Core/Src/gpio.o
 .text.LL_GPIO_ResetOutputPin
                0x00000000080010ec       0x1e ./Core/Src/gpio.o
 *fill*         0x000000000800110a        0x2 
 .text.MX_GPIO_Init
                0x000000000800110c       0x98 ./Core/Src/gpio.o
                0x000000000800110c                MX_GPIO_Init
 .text.__NVIC_SetPriorityGrouping
                0x00000000080011a4       0x48 ./Core/Src/main.o
 .text.__NVIC_GetPriorityGrouping
                0x00000000080011ec       0x1c ./Core/Src/main.o
 .text.__NVIC_SetPriority
                0x0000000008001208       0x54 ./Core/Src/main.o
 .text.NVIC_EncodePriority
                0x000000000800125c       0x66 ./Core/Src/main.o
 *fill*         0x00000000080012c2        0x2 
 .text.LL_RCC_HSI_Enable
                0x00000000080012c4       0x20 ./Core/Src/main.o
 .text.LL_RCC_HSI_IsReady
                0x00000000080012e4       0x24 ./Core/Src/main.o
 .text.LL_RCC_HSI_SetDivider
                0x0000000008001308       0x28 ./Core/Src/main.o
 .text.LL_RCC_HSI_SetCalibTrimming
                0x0000000008001330       0x50 ./Core/Src/main.o
 .text.LL_RCC_SetSysClkSource
                0x0000000008001380       0x28 ./Core/Src/main.o
 .text.LL_RCC_GetSysClkSource
                0x00000000080013a8       0x1c ./Core/Src/main.o
 .text.LL_RCC_SetSysPrescaler
                0x00000000080013c4       0x28 ./Core/Src/main.o
 .text.LL_RCC_SetAHBPrescaler
                0x00000000080013ec       0x28 ./Core/Src/main.o
 .text.LL_RCC_SetAPB1Prescaler
                0x0000000008001414       0x28 ./Core/Src/main.o
 .text.LL_RCC_SetAPB2Prescaler
                0x000000000800143c       0x28 ./Core/Src/main.o
 .text.LL_RCC_SetAPB3Prescaler
                0x0000000008001464       0x28 ./Core/Src/main.o
 .text.LL_RCC_SetAPB4Prescaler
                0x000000000800148c       0x28 ./Core/Src/main.o
 .text.LL_RCC_PLL_SetSource
                0x00000000080014b4       0x28 ./Core/Src/main.o
 .text.LL_RCC_PLL1_Enable
                0x00000000080014dc       0x20 ./Core/Src/main.o
 .text.LL_RCC_PLL1_IsReady
                0x00000000080014fc       0x28 ./Core/Src/main.o
 .text.LL_RCC_PLL1P_Enable
                0x0000000008001524       0x20 ./Core/Src/main.o
 .text.LL_RCC_PLL1_SetVCOOutputRange
                0x0000000008001544       0x2c ./Core/Src/main.o
 .text.LL_RCC_PLL1_SetVCOInputRange
                0x0000000008001570       0x2c ./Core/Src/main.o
 .text.LL_RCC_PLL1_SetN
                0x000000000800159c       0x30 ./Core/Src/main.o
 .text.LL_RCC_PLL1_SetM
                0x00000000080015cc       0x2c ./Core/Src/main.o
 .text.LL_RCC_PLL1_SetP
                0x00000000080015f8       0x2c ./Core/Src/main.o
 .text.LL_RCC_PLL1_SetQ
                0x0000000008001624       0x2c ./Core/Src/main.o
 .text.LL_RCC_PLL1_SetR
                0x0000000008001650       0x2c ./Core/Src/main.o
 .text.LL_RCC_PLL2_Enable
                0x000000000800167c       0x20 ./Core/Src/main.o
 .text.LL_RCC_PLL2_IsReady
                0x000000000800169c       0x28 ./Core/Src/main.o
 .text.LL_RCC_PLL2P_Enable
                0x00000000080016c4       0x20 ./Core/Src/main.o
 .text.LL_RCC_PLL2_SetVCOOutputRange
                0x00000000080016e4       0x2c ./Core/Src/main.o
 .text.LL_RCC_PLL2_SetVCOInputRange
                0x0000000008001710       0x2c ./Core/Src/main.o
 .text.LL_RCC_PLL2_SetN
                0x000000000800173c       0x30 ./Core/Src/main.o
 .text.LL_RCC_PLL2_SetM
                0x000000000800176c       0x2c ./Core/Src/main.o
 .text.LL_RCC_PLL2_SetP
                0x0000000008001798       0x2c ./Core/Src/main.o
 .text.LL_RCC_PLL2_SetQ
                0x00000000080017c4       0x2c ./Core/Src/main.o
 .text.LL_RCC_PLL2_SetR
                0x00000000080017f0       0x2c ./Core/Src/main.o
 .text.LL_APB4_GRP1_EnableClock
                0x000000000800181c       0x38 ./Core/Src/main.o
 .text.LL_FLASH_SetLatency
                0x0000000008001854       0x28 ./Core/Src/main.o
 .text.LL_FLASH_GetLatency
                0x000000000800187c       0x1c ./Core/Src/main.o
 .text.LL_PWR_ConfigSupply
                0x0000000008001898       0x28 ./Core/Src/main.o
 .text.LL_PWR_SetRegulVoltageScaling
                0x00000000080018c0       0x28 ./Core/Src/main.o
 .text.LL_PWR_IsActiveFlag_VOS
                0x00000000080018e8       0x28 ./Core/Src/main.o
 .text.LL_GPIO_IsInputPinSet
                0x0000000008001910       0x2a ./Core/Src/main.o
 *fill*         0x000000000800193a        0x2 
 .text.main     0x000000000800193c      0x174 ./Core/Src/main.o
                0x000000000800193c                main
 .text.SystemClock_Config
                0x0000000008001ab0       0xe4 ./Core/Src/main.o
                0x0000000008001ab0                SystemClock_Config
 .text.PeriphCommonClock_Config
                0x0000000008001b94       0x48 ./Core/Src/main.o
                0x0000000008001b94                PeriphCommonClock_Config
 .text.convert_adc_to_voltage
                0x0000000008001bdc       0x3c ./Core/Src/main.o
                0x0000000008001bdc                convert_adc_to_voltage
 .text.adc_to_voltage
                0x0000000008001c18       0x3c ./Core/Src/main.o
                0x0000000008001c18                adc_to_voltage
 .text.adc_to_current_out
                0x0000000008001c54       0x3c ./Core/Src/main.o
                0x0000000008001c54                adc_to_current_out
 .text.NOL_Update
                0x0000000008001c90      0x498 ./Core/Src/no_load_controller.o
                0x0000000008001c90                NOL_Update
 .text.LL_TIM_CC_DisableChannel
                0x0000000008002128       0x24 ./Core/Src/ocp.o
 .text.filter   0x000000000800214c       0x52 ./Core/Src/ocp.o
 *fill*         0x000000000800219e        0x2 
 .text.OCP_Init
                0x00000000080021a0       0x50 ./Core/Src/ocp.o
                0x00000000080021a0                OCP_Init
 .text.OCP_Check
                0x00000000080021f0       0x78 ./Core/Src/ocp.o
                0x00000000080021f0                OCP_Check
 .text.PI_Update
                0x0000000008002268      0x124 ./Core/Src/pi_controller.o
                0x0000000008002268                PI_Update
 .text.PIC_Update
                0x000000000800238c      0x114 ./Core/Src/pi_controller_current.o
                0x000000000800238c                PIC_Update
 .text.LL_TIM_EnableCounter
                0x00000000080024a0       0x20 ./Core/Src/power_on.o
 .text.LL_TIM_DisableCounter
                0x00000000080024c0       0x20 ./Core/Src/power_on.o
 .text.LL_TIM_CC_EnableChannel
                0x00000000080024e0       0x22 ./Core/Src/power_on.o
 .text.LL_TIM_OC_SetCompareCH1
                0x0000000008002502       0x1c ./Core/Src/power_on.o
 .text.LL_TIM_OC_SetCompareCH2
                0x000000000800251e       0x1c ./Core/Src/power_on.o
 .text.LL_TIM_OC_SetCompareCH3
                0x000000000800253a       0x1c ./Core/Src/power_on.o
 .text.LL_TIM_EnableAllOutputs
                0x0000000008002556       0x20 ./Core/Src/power_on.o
 .text.LL_TIM_ClearFlag_UPDATE
                0x0000000008002576       0x1c ./Core/Src/power_on.o
 .text.LL_TIM_IsActiveFlag_UPDATE
                0x0000000008002592       0x26 ./Core/Src/power_on.o
 .text.LL_TIM_EnableIT_UPDATE
                0x00000000080025b8       0x20 ./Core/Src/power_on.o
 .text.LL_TIM_DisableIT_UPDATE
                0x00000000080025d8       0x20 ./Core/Src/power_on.o
 .text.LL_GPIO_SetOutputPin
                0x00000000080025f8       0x1c ./Core/Src/power_on.o
 .text.PowerOnSequence_Start
                0x0000000008002614       0x6c ./Core/Src/power_on.o
                0x0000000008002614                PowerOnSequence_Start
 .text.PowerOnSequence_Update
                0x0000000008002680       0x98 ./Core/Src/power_on.o
                0x0000000008002680                PowerOnSequence_Update
 .text.Fan_Start
                0x0000000008002718       0x3c ./Core/Src/power_on.o
                0x0000000008002718                Fan_Start
 .text.Controll_Start
                0x0000000008002754       0x18 ./Core/Src/power_on.o
                0x0000000008002754                Controll_Start
 .text.Buck_Start
                0x000000000800276c       0x30 ./Core/Src/power_on.o
                0x000000000800276c                Buck_Start
 .text.CEC_Start
                0x000000000800279c       0x24 ./Core/Src/power_on.o
                0x000000000800279c                CEC_Start
 .text.Mesurments_Start
                0x00000000080027c0       0x1e ./Core/Src/power_on.o
                0x00000000080027c0                Mesurments_Start
 .text.LL_TIM_CC_EnableChannel
                0x00000000080027de       0x22 ./Core/Src/stm32h7xx_it.o
 .text.LL_TIM_CC_DisableChannel
                0x0000000008002800       0x24 ./Core/Src/stm32h7xx_it.o
 .text.LL_TIM_OC_SetCompareCH1
                0x0000000008002824       0x1c ./Core/Src/stm32h7xx_it.o
 .text.LL_TIM_ClearFlag_UPDATE
                0x0000000008002840       0x1c ./Core/Src/stm32h7xx_it.o
 .text.LL_TIM_IsActiveFlag_UPDATE
                0x000000000800285c       0x26 ./Core/Src/stm32h7xx_it.o
 .text.NMI_Handler
                0x0000000008002882        0x6 ./Core/Src/stm32h7xx_it.o
                0x0000000008002882                NMI_Handler
 .text.HardFault_Handler
                0x0000000008002888        0x6 ./Core/Src/stm32h7xx_it.o
                0x0000000008002888                HardFault_Handler
 .text.MemManage_Handler
                0x000000000800288e        0x6 ./Core/Src/stm32h7xx_it.o
                0x000000000800288e                MemManage_Handler
 .text.BusFault_Handler
                0x0000000008002894        0x6 ./Core/Src/stm32h7xx_it.o
                0x0000000008002894                BusFault_Handler
 .text.UsageFault_Handler
                0x000000000800289a        0x6 ./Core/Src/stm32h7xx_it.o
                0x000000000800289a                UsageFault_Handler
 .text.SVC_Handler
                0x00000000080028a0        0xe ./Core/Src/stm32h7xx_it.o
                0x00000000080028a0                SVC_Handler
 .text.DebugMon_Handler
                0x00000000080028ae        0xe ./Core/Src/stm32h7xx_it.o
                0x00000000080028ae                DebugMon_Handler
 .text.PendSV_Handler
                0x00000000080028bc        0xe ./Core/Src/stm32h7xx_it.o
                0x00000000080028bc                PendSV_Handler
 .text.SysTick_Handler
                0x00000000080028ca        0xe ./Core/Src/stm32h7xx_it.o
                0x00000000080028ca                SysTick_Handler
 .text.DMA1_Stream0_IRQHandler
                0x00000000080028d8        0xe ./Core/Src/stm32h7xx_it.o
                0x00000000080028d8                DMA1_Stream0_IRQHandler
 .text.DMA1_Stream1_IRQHandler
                0x00000000080028e6        0xe ./Core/Src/stm32h7xx_it.o
                0x00000000080028e6                DMA1_Stream1_IRQHandler
 .text.TIM2_IRQHandler
                0x00000000080028f4        0xe ./Core/Src/stm32h7xx_it.o
                0x00000000080028f4                TIM2_IRQHandler
 *fill*         0x0000000008002902        0x2 
 .text.TIM4_IRQHandler
                0x0000000008002904      0x358 ./Core/Src/stm32h7xx_it.o
                0x0000000008002904                TIM4_IRQHandler
 .text.filter   0x0000000008002c5c       0x52 ./Core/Src/stm32h7xx_it.o
                0x0000000008002c5c                filter
 .text.TIM8_UP_TIM13_IRQHandler
                0x0000000008002cae        0xc ./Core/Src/stm32h7xx_it.o
                0x0000000008002cae                TIM8_UP_TIM13_IRQHandler
 *fill*         0x0000000008002cba        0x2 
 .text.__NVIC_GetPriorityGrouping
                0x0000000008002cbc       0x1c ./Core/Src/tim.o
 .text.__NVIC_EnableIRQ
                0x0000000008002cd8       0x3c ./Core/Src/tim.o
 .text.__NVIC_SetPriority
                0x0000000008002d14       0x54 ./Core/Src/tim.o
 .text.NVIC_EncodePriority
                0x0000000008002d68       0x66 ./Core/Src/tim.o
 *fill*         0x0000000008002dce        0x2 
 .text.LL_AHB4_GRP1_EnableClock
                0x0000000008002dd0       0x38 ./Core/Src/tim.o
 .text.LL_APB1_GRP1_EnableClock
                0x0000000008002e08       0x38 ./Core/Src/tim.o
 .text.LL_APB2_GRP1_EnableClock
                0x0000000008002e40       0x38 ./Core/Src/tim.o
 .text.LL_TIM_DisableARRPreload
                0x0000000008002e78       0x20 ./Core/Src/tim.o
 .text.LL_TIM_OC_DisableFast
                0x0000000008002e98       0xa4 ./Core/Src/tim.o
 .text.LL_TIM_OC_EnablePreload
                0x0000000008002f3c       0xa0 ./Core/Src/tim.o
 .text.LL_TIM_SetClockSource
                0x0000000008002fdc       0x2c ./Core/Src/tim.o
 .text.LL_TIM_SetTriggerOutput
                0x0000000008003008       0x26 ./Core/Src/tim.o
 .text.LL_TIM_SetTriggerOutput2
                0x000000000800302e       0x26 ./Core/Src/tim.o
 .text.LL_TIM_DisableMasterSlaveMode
                0x0000000008003054       0x20 ./Core/Src/tim.o
 .text.MX_TIM1_Init
                0x0000000008003074      0x148 ./Core/Src/tim.o
                0x0000000008003074                MX_TIM1_Init
 .text.MX_TIM2_Init
                0x00000000080031bc      0x10c ./Core/Src/tim.o
                0x00000000080031bc                MX_TIM2_Init
 .text.MX_TIM3_Init
                0x00000000080032c8       0xf8 ./Core/Src/tim.o
                0x00000000080032c8                MX_TIM3_Init
 .text.MX_TIM4_Init
                0x00000000080033c0       0x80 ./Core/Src/tim.o
                0x00000000080033c0                MX_TIM4_Init
 .text.MX_TIM8_Init
                0x0000000008003440      0x210 ./Core/Src/tim.o
                0x0000000008003440                MX_TIM8_Init
 .text.MX_TIM13_Init
                0x0000000008003650       0x68 ./Core/Src/tim.o
                0x0000000008003650                MX_TIM13_Init
 .text.Reset_Handler
                0x00000000080036b8       0x50 ./Core/Startup/startup_stm32h755zitx.o
                0x00000000080036b8                Reset_Handler
 .text.Default_Handler
                0x0000000008003708        0x2 ./Core/Startup/startup_stm32h755zitx.o
                0x0000000008003708                RTC_Alarm_IRQHandler
                0x0000000008003708                HASH_RNG_IRQHandler
                0x0000000008003708                EXTI2_IRQHandler
                0x0000000008003708                TIM8_CC_IRQHandler
                0x0000000008003708                HRTIM1_Master_IRQHandler
                0x0000000008003708                UART8_IRQHandler
                0x0000000008003708                SPI4_IRQHandler
                0x0000000008003708                TIM1_CC_IRQHandler
                0x0000000008003708                BDMA_Channel6_IRQHandler
                0x0000000008003708                DMA2_Stream5_IRQHandler
                0x0000000008003708                HRTIM1_FLT_IRQHandler
                0x0000000008003708                JPEG_IRQHandler
                0x0000000008003708                DMA1_Stream5_IRQHandler
                0x0000000008003708                BDMA_Channel1_IRQHandler
                0x0000000008003708                HRTIM1_TIMD_IRQHandler
                0x0000000008003708                TAMP_STAMP_IRQHandler
                0x0000000008003708                EXTI3_IRQHandler
                0x0000000008003708                LPTIM4_IRQHandler
                0x0000000008003708                TIM8_TRG_COM_TIM14_IRQHandler
                0x0000000008003708                LPTIM2_IRQHandler
                0x0000000008003708                DFSDM1_FLT1_IRQHandler
                0x0000000008003708                DMAMUX2_OVR_IRQHandler
                0x0000000008003708                I2C3_ER_IRQHandler
                0x0000000008003708                DFSDM1_FLT2_IRQHandler
                0x0000000008003708                MDMA_IRQHandler
                0x0000000008003708                LPTIM3_IRQHandler
                0x0000000008003708                HSEM1_IRQHandler
                0x0000000008003708                EXTI0_IRQHandler
                0x0000000008003708                I2C2_EV_IRQHandler
                0x0000000008003708                DMA1_Stream2_IRQHandler
                0x0000000008003708                FPU_IRQHandler
                0x0000000008003708                OTG_HS_WKUP_IRQHandler
                0x0000000008003708                FDCAN1_IT1_IRQHandler
                0x0000000008003708                LTDC_ER_IRQHandler
                0x0000000008003708                DMA2_Stream2_IRQHandler
                0x0000000008003708                HRTIM1_TIME_IRQHandler
                0x0000000008003708                SPI1_IRQHandler
                0x0000000008003708                TIM6_DAC_IRQHandler
                0x0000000008003708                DCMI_IRQHandler
                0x0000000008003708                HRTIM1_TIMC_IRQHandler
                0x0000000008003708                DMA2_Stream3_IRQHandler
                0x0000000008003708                SAI2_IRQHandler
                0x0000000008003708                DFSDM1_FLT3_IRQHandler
                0x0000000008003708                USART6_IRQHandler
                0x0000000008003708                TIM17_IRQHandler
                0x0000000008003708                USART3_IRQHandler
                0x0000000008003708                BDMA_Channel7_IRQHandler
                0x0000000008003708                CRYP_IRQHandler
                0x0000000008003708                LPTIM5_IRQHandler
                0x0000000008003708                UART5_IRQHandler
                0x0000000008003708                ADC3_IRQHandler
                0x0000000008003708                DMA2_Stream0_IRQHandler
                0x0000000008003708                BDMA_Channel2_IRQHandler
                0x0000000008003708                QUADSPI_IRQHandler
                0x0000000008003708                I2C1_EV_IRQHandler
                0x0000000008003708                DMA1_Stream6_IRQHandler
                0x0000000008003708                DMAMUX1_OVR_IRQHandler
                0x0000000008003708                TIM16_IRQHandler
                0x0000000008003708                UART4_IRQHandler
                0x0000000008003708                BDMA_Channel5_IRQHandler
                0x0000000008003708                TIM3_IRQHandler
                0x0000000008003708                RCC_IRQHandler
                0x0000000008003708                TIM8_BRK_TIM12_IRQHandler
                0x0000000008003708                TIM1_TRG_COM_IRQHandler
                0x0000000008003708                Default_Handler
                0x0000000008003708                ECC_IRQHandler
                0x0000000008003708                CEC_IRQHandler
                0x0000000008003708                EXTI15_10_IRQHandler
                0x0000000008003708                BDMA_Channel0_IRQHandler
                0x0000000008003708                ADC_IRQHandler
                0x0000000008003708                DMA1_Stream7_IRQHandler
                0x0000000008003708                HRTIM1_TIMA_IRQHandler
                0x0000000008003708                SPI5_IRQHandler
                0x0000000008003708                TIM7_IRQHandler
                0x0000000008003708                SDMMC1_IRQHandler
                0x0000000008003708                TIM5_IRQHandler
                0x0000000008003708                DMA2_Stream7_IRQHandler
                0x0000000008003708                TIM15_IRQHandler
                0x0000000008003708                PVD_AVD_IRQHandler
                0x0000000008003708                I2C3_EV_IRQHandler
                0x0000000008003708                EXTI9_5_IRQHandler
                0x0000000008003708                RTC_WKUP_IRQHandler
                0x0000000008003708                LTDC_IRQHandler
                0x0000000008003708                SAI3_IRQHandler
                0x0000000008003708                ETH_WKUP_IRQHandler
                0x0000000008003708                SPDIF_RX_IRQHandler
                0x0000000008003708                SPI2_IRQHandler
                0x0000000008003708                OTG_HS_EP1_IN_IRQHandler
                0x0000000008003708                CRS_IRQHandler
                0x0000000008003708                CM7_SEV_IRQHandler
                0x0000000008003708                EXTI4_IRQHandler
                0x0000000008003708                CM4_SEV_IRQHandler
                0x0000000008003708                HRTIM1_TIMB_IRQHandler
                0x0000000008003708                FDCAN2_IT1_IRQHandler
                0x0000000008003708                ETH_IRQHandler
                0x0000000008003708                TIM1_UP_IRQHandler
                0x0000000008003708                WWDG_RST_IRQHandler
                0x0000000008003708                BDMA_Channel4_IRQHandler
                0x0000000008003708                OTG_HS_EP1_OUT_IRQHandler
                0x0000000008003708                WWDG_IRQHandler
                0x0000000008003708                SPI6_IRQHandler
                0x0000000008003708                MDIOS_IRQHandler
                0x0000000008003708                I2C4_EV_IRQHandler
                0x0000000008003708                FDCAN2_IT0_IRQHandler
                0x0000000008003708                LPUART1_IRQHandler
                0x0000000008003708                FDCAN1_IT0_IRQHandler
                0x0000000008003708                OTG_FS_WKUP_IRQHandler
                0x0000000008003708                OTG_HS_IRQHandler
                0x0000000008003708                HSEM2_IRQHandler
                0x0000000008003708                DMA2D_IRQHandler
                0x0000000008003708                TIM1_BRK_IRQHandler
                0x0000000008003708                EXTI1_IRQHandler
                0x0000000008003708                SDMMC2_IRQHandler
                0x0000000008003708                OTG_FS_EP1_OUT_IRQHandler
                0x0000000008003708                BDMA_Channel3_IRQHandler
                0x0000000008003708                HOLD_CORE_IRQHandler
                0x0000000008003708                UART7_IRQHandler
                0x0000000008003708                MDIOS_WKUP_IRQHandler
                0x0000000008003708                USART2_IRQHandler
                0x0000000008003708                DFSDM1_FLT0_IRQHandler
                0x0000000008003708                SAI4_IRQHandler
                0x0000000008003708                I2C2_ER_IRQHandler
                0x0000000008003708                DMA2_Stream1_IRQHandler
                0x0000000008003708                FLASH_IRQHandler
                0x0000000008003708                DMA2_Stream4_IRQHandler
                0x0000000008003708                USART1_IRQHandler
                0x0000000008003708                OTG_FS_IRQHandler
                0x0000000008003708                SPI3_IRQHandler
                0x0000000008003708                WAKEUP_PIN_IRQHandler
                0x0000000008003708                DMA1_Stream4_IRQHandler
                0x0000000008003708                OTG_FS_EP1_IN_IRQHandler
                0x0000000008003708                I2C1_ER_IRQHandler
                0x0000000008003708                FMC_IRQHandler
                0x0000000008003708                FDCAN_CAL_IRQHandler
                0x0000000008003708                SWPMI1_IRQHandler
                0x0000000008003708                COMP1_IRQHandler
                0x0000000008003708                LPTIM1_IRQHandler
                0x0000000008003708                I2C4_ER_IRQHandler
                0x0000000008003708                DMA2_Stream6_IRQHandler
                0x0000000008003708                SAI1_IRQHandler
                0x0000000008003708                DMA1_Stream3_IRQHandler
 .text.LL_ADC_REG_SetSequencerLength
                0x000000000800370a       0x26 ./Drivers/STM32H7xx_HAL_Driver/Src/stm32h7xx_ll_adc.o
 .text.LL_ADC_IsEnabled
                0x0000000008003730       0x26 ./Drivers/STM32H7xx_HAL_Driver/Src/stm32h7xx_ll_adc.o
 *fill*         0x0000000008003756        0x2 
 .text.LL_ADC_CommonInit
                0x0000000008003758       0xb0 ./Drivers/STM32H7xx_HAL_Driver/Src/stm32h7xx_ll_adc.o
                0x0000000008003758                LL_ADC_CommonInit
 .text.LL_ADC_Init
                0x0000000008003808       0x58 ./Drivers/STM32H7xx_HAL_Driver/Src/stm32h7xx_ll_adc.o
                0x0000000008003808                LL_ADC_Init
 .text.LL_ADC_REG_Init
                0x0000000008003860       0x94 ./Drivers/STM32H7xx_HAL_Driver/Src/stm32h7xx_ll_adc.o
                0x0000000008003860                LL_ADC_REG_Init
 .text.LL_GPIO_SetPinMode
                0x00000000080038f4       0x40 ./Drivers/STM32H7xx_HAL_Driver/Src/stm32h7xx_ll_gpio.o
 .text.LL_GPIO_SetPinOutputType
                0x0000000008003934       0x30 ./Drivers/STM32H7xx_HAL_Driver/Src/stm32h7xx_ll_gpio.o
 .text.LL_GPIO_SetPinSpeed
                0x0000000008003964       0x40 ./Drivers/STM32H7xx_HAL_Driver/Src/stm32h7xx_ll_gpio.o
 .text.LL_GPIO_SetPinPull
                0x00000000080039a4       0x40 ./Drivers/STM32H7xx_HAL_Driver/Src/stm32h7xx_ll_gpio.o
 .text.LL_GPIO_SetAFPin_0_7
                0x00000000080039e4       0x58 ./Drivers/STM32H7xx_HAL_Driver/Src/stm32h7xx_ll_gpio.o
 .text.LL_GPIO_SetAFPin_8_15
                0x0000000008003a3c       0x6c ./Drivers/STM32H7xx_HAL_Driver/Src/stm32h7xx_ll_gpio.o
 .text.LL_GPIO_Init
                0x0000000008003aa8       0xdc ./Drivers/STM32H7xx_HAL_Driver/Src/stm32h7xx_ll_gpio.o
                0x0000000008003aa8                LL_GPIO_Init
 .text.LL_TIM_SetPrescaler
                0x0000000008003b84       0x1c ./Drivers/STM32H7xx_HAL_Driver/Src/stm32h7xx_ll_tim.o
 .text.LL_TIM_SetAutoReload
                0x0000000008003ba0       0x1c ./Drivers/STM32H7xx_HAL_Driver/Src/stm32h7xx_ll_tim.o
 .text.LL_TIM_SetRepetitionCounter
                0x0000000008003bbc       0x1c ./Drivers/STM32H7xx_HAL_Driver/Src/stm32h7xx_ll_tim.o
 .text.LL_TIM_OC_SetCompareCH1
                0x0000000008003bd8       0x1c ./Drivers/STM32H7xx_HAL_Driver/Src/stm32h7xx_ll_tim.o
 .text.LL_TIM_OC_SetCompareCH2
                0x0000000008003bf4       0x1c ./Drivers/STM32H7xx_HAL_Driver/Src/stm32h7xx_ll_tim.o
 .text.LL_TIM_OC_SetCompareCH3
                0x0000000008003c10       0x1c ./Drivers/STM32H7xx_HAL_Driver/Src/stm32h7xx_ll_tim.o
 .text.LL_TIM_OC_SetCompareCH4
                0x0000000008003c2c       0x1c ./Drivers/STM32H7xx_HAL_Driver/Src/stm32h7xx_ll_tim.o
 .text.LL_TIM_OC_SetCompareCH5
                0x0000000008003c48       0x20 ./Drivers/STM32H7xx_HAL_Driver/Src/stm32h7xx_ll_tim.o
 .text.LL_TIM_OC_SetCompareCH6
                0x0000000008003c68       0x1c ./Drivers/STM32H7xx_HAL_Driver/Src/stm32h7xx_ll_tim.o
 .text.LL_TIM_GenerateEvent_UPDATE
                0x0000000008003c84       0x20 ./Drivers/STM32H7xx_HAL_Driver/Src/stm32h7xx_ll_tim.o
 .text.LL_TIM_Init
                0x0000000008003ca4      0x128 ./Drivers/STM32H7xx_HAL_Driver/Src/stm32h7xx_ll_tim.o
                0x0000000008003ca4                LL_TIM_Init
 .text.LL_TIM_OC_Init
                0x0000000008003dcc       0xbe ./Drivers/STM32H7xx_HAL_Driver/Src/stm32h7xx_ll_tim.o
                0x0000000008003dcc                LL_TIM_OC_Init
 *fill*         0x0000000008003e8a        0x2 
 .text.LL_TIM_BDTR_Init
                0x0000000008003e8c       0xd4 ./Drivers/STM32H7xx_HAL_Driver/Src/stm32h7xx_ll_tim.o
                0x0000000008003e8c                LL_TIM_BDTR_Init
 .text.OC1Config
                0x0000000008003f60      0x100 ./Drivers/STM32H7xx_HAL_Driver/Src/stm32h7xx_ll_tim.o
 .text.OC2Config
                0x0000000008004060      0x108 ./Drivers/STM32H7xx_HAL_Driver/Src/stm32h7xx_ll_tim.o
 .text.OC3Config
                0x0000000008004168      0x108 ./Drivers/STM32H7xx_HAL_Driver/Src/stm32h7xx_ll_tim.o
 .text.OC4Config
                0x0000000008004270       0xd8 ./Drivers/STM32H7xx_HAL_Driver/Src/stm32h7xx_ll_tim.o
 .text.OC5Config
                0x0000000008004348       0xc8 ./Drivers/STM32H7xx_HAL_Driver/Src/stm32h7xx_ll_tim.o
 .text.OC6Config
                0x0000000008004410       0xc8 ./Drivers/STM32H7xx_HAL_Driver/Src/stm32h7xx_ll_tim.o
 .text.LL_InitTick
                0x00000000080044d8       0x34 ./Drivers/STM32H7xx_HAL_Driver/Src/stm32h7xx_ll_utils.o
 .text.LL_Init1msTick
                0x000000000800450c       0x1a ./Drivers/STM32H7xx_HAL_Driver/Src/stm32h7xx_ll_utils.o
                0x000000000800450c                LL_Init1msTick
 *fill*         0x0000000008004526        0x2 
 .text.LL_mDelay
                0x0000000008004528       0x50 ./Drivers/STM32H7xx_HAL_Driver/Src/stm32h7xx_ll_utils.o
                0x0000000008004528                LL_mDelay
 .text.LL_SetSystemCoreClock
                0x0000000008004578       0x20 ./Drivers/STM32H7xx_HAL_Driver/Src/stm32h7xx_ll_utils.o
                0x0000000008004578                LL_SetSystemCoreClock
 .text.memset   0x0000000008004598       0x10 D:/ST/STM32CubeIDE_1.14.1/STM32CubeIDE/plugins/com.st.stm32cube.ide.mcu.externaltools.gnu-tools-for-stm32.11.3.rel1.win32_1.1.100.202309141235/tools/bin/../lib/gcc/arm-none-eabi/11.3.1/../../../../arm-none-eabi/lib/thumb/v7e-m+dp/hard\libc_nano.a(libc_a-memset.o)
                0x0000000008004598                memset
 .text.__libc_init_array
                0x00000000080045a8       0x48 D:/ST/STM32CubeIDE_1.14.1/STM32CubeIDE/plugins/com.st.stm32cube.ide.mcu.externaltools.gnu-tools-for-stm32.11.3.rel1.win32_1.1.100.202309141235/tools/bin/../lib/gcc/arm-none-eabi/11.3.1/../../../../arm-none-eabi/lib/thumb/v7e-m+dp/hard\libc_nano.a(libc_a-init.o)
                0x00000000080045a8                __libc_init_array
 *(.glue_7)
 .glue_7        0x00000000080045f0        0x0 linker stubs
 *(.glue_7t)
 .glue_7t       0x00000000080045f0        0x0 linker stubs
 *(.eh_frame)
 .eh_frame      0x00000000080045f0        0x0 D:/ST/STM32CubeIDE_1.14.1/STM32CubeIDE/plugins/com.st.stm32cube.ide.mcu.externaltools.gnu-tools-for-stm32.11.3.rel1.win32_1.1.100.202309141235/tools/bin/../lib/gcc/arm-none-eabi/11.3.1/thumb/v7e-m+dp/hard/crtbegin.o
 *(.init)
 .init          0x00000000080045f0        0x4 D:/ST/STM32CubeIDE_1.14.1/STM32CubeIDE/plugins/com.st.stm32cube.ide.mcu.externaltools.gnu-tools-for-stm32.11.3.rel1.win32_1.1.100.202309141235/tools/bin/../lib/gcc/arm-none-eabi/11.3.1/thumb/v7e-m+dp/hard/crti.o
                0x00000000080045f0                _init
 .init          0x00000000080045f4        0x8 D:/ST/STM32CubeIDE_1.14.1/STM32CubeIDE/plugins/com.st.stm32cube.ide.mcu.externaltools.gnu-tools-for-stm32.11.3.rel1.win32_1.1.100.202309141235/tools/bin/../lib/gcc/arm-none-eabi/11.3.1/thumb/v7e-m+dp/hard/crtn.o
 *(.fini)
 .fini          0x00000000080045fc        0x4 D:/ST/STM32CubeIDE_1.14.1/STM32CubeIDE/plugins/com.st.stm32cube.ide.mcu.externaltools.gnu-tools-for-stm32.11.3.rel1.win32_1.1.100.202309141235/tools/bin/../lib/gcc/arm-none-eabi/11.3.1/thumb/v7e-m+dp/hard/crti.o
                0x00000000080045fc                _fini
 .fini          0x0000000008004600        0x8 D:/ST/STM32CubeIDE_1.14.1/STM32CubeIDE/plugins/com.st.stm32cube.ide.mcu.externaltools.gnu-tools-for-stm32.11.3.rel1.win32_1.1.100.202309141235/tools/bin/../lib/gcc/arm-none-eabi/11.3.1/thumb/v7e-m+dp/hard/crtn.o
                0x0000000008004608                . = ALIGN (0x4)
                0x0000000008004608                _etext = .

.vfp11_veneer   0x0000000008004608        0x0
 .vfp11_veneer  0x0000000008004608        0x0 linker stubs

.v4_bx          0x0000000008004608        0x0
 .v4_bx         0x0000000008004608        0x0 linker stubs

.iplt           0x0000000008004608        0x0
 .iplt          0x0000000008004608        0x0 D:/ST/STM32CubeIDE_1.14.1/STM32CubeIDE/plugins/com.st.stm32cube.ide.mcu.externaltools.gnu-tools-for-stm32.11.3.rel1.win32_1.1.100.202309141235/tools/bin/../lib/gcc/arm-none-eabi/11.3.1/thumb/v7e-m+dp/hard/crtbegin.o

.rodata         0x0000000008004608       0x28
                0x0000000008004608                . = ALIGN (0x4)
 *(.rodata)
 *(.rodata*)
 .rodata.LL_DMA_STR_OFFSET_TAB
                0x0000000008004608        0x8 ./Core/Src/adc.o
 .rodata.LL_DMA_STR_OFFSET_TAB
                0x0000000008004610        0x8 ./Core/Src/adc_config.o
 .rodata.OFFSET_TAB_CCMRx
                0x0000000008004618        0x9 ./Core/Src/tim.o
 *fill*         0x0000000008004621        0x3 
 .rodata.SHIFT_TAB_OCxx
                0x0000000008004624        0x9 ./Core/Src/tim.o
                0x0000000008004630                . = ALIGN (0x4)
 *fill*         0x000000000800462d        0x3 

.rel.dyn        0x0000000008004630        0x0
 .rel.iplt      0x0000000008004630        0x0 D:/ST/STM32CubeIDE_1.14.1/STM32CubeIDE/plugins/com.st.stm32cube.ide.mcu.externaltools.gnu-tools-for-stm32.11.3.rel1.win32_1.1.100.202309141235/tools/bin/../lib/gcc/arm-none-eabi/11.3.1/thumb/v7e-m+dp/hard/crtbegin.o

.ARM.extab      0x0000000008004630        0x0
                0x0000000008004630                . = ALIGN (0x4)
 *(.ARM.extab* .gnu.linkonce.armextab.*)
                0x0000000008004630                . = ALIGN (0x4)

.ARM            0x0000000008004630        0x0
                0x0000000008004630                . = ALIGN (0x4)
                0x0000000008004630                __exidx_start = .
 *(.ARM.exidx*)
                0x0000000008004630                __exidx_end = .
                0x0000000008004630                . = ALIGN (0x4)

.preinit_array  0x0000000008004630        0x0
                0x0000000008004630                . = ALIGN (0x4)
                0x0000000008004630                PROVIDE (__preinit_array_start = .)
 *(.preinit_array*)
                0x0000000008004630                PROVIDE (__preinit_array_end = .)
                0x0000000008004630                . = ALIGN (0x4)

.init_array     0x0000000008004630        0x4
                0x0000000008004630                . = ALIGN (0x4)
                0x0000000008004630                PROVIDE (__init_array_start = .)
 *(SORT_BY_NAME(.init_array.*))
 *(.init_array*)
 .init_array    0x0000000008004630        0x4 D:/ST/STM32CubeIDE_1.14.1/STM32CubeIDE/plugins/com.st.stm32cube.ide.mcu.externaltools.gnu-tools-for-stm32.11.3.rel1.win32_1.1.100.202309141235/tools/bin/../lib/gcc/arm-none-eabi/11.3.1/thumb/v7e-m+dp/hard/crtbegin.o
                0x0000000008004634                PROVIDE (__init_array_end = .)
                0x0000000008004634                . = ALIGN (0x4)

.fini_array     0x0000000008004634        0x4
                0x0000000008004634                . = ALIGN (0x4)
                [!provide]                        PROVIDE (__fini_array_start = .)
 *(SORT_BY_NAME(.fini_array.*))
 *(.fini_array*)
 .fini_array    0x0000000008004634        0x4 D:/ST/STM32CubeIDE_1.14.1/STM32CubeIDE/plugins/com.st.stm32cube.ide.mcu.externaltools.gnu-tools-for-stm32.11.3.rel1.win32_1.1.100.202309141235/tools/bin/../lib/gcc/arm-none-eabi/11.3.1/thumb/v7e-m+dp/hard/crtbegin.o
                [!provide]                        PROVIDE (__fini_array_end = .)
                0x0000000008004638                . = ALIGN (0x4)
                0x0000000008004638                _sidata = LOADADDR (.data)

.data           0x0000000024000000       0x34 load address 0x0000000008004638
                0x0000000024000000                . = ALIGN (0x4)
                0x0000000024000000                _sdata = .
 *(.data)
 *(.data*)
 .data.SystemCoreClock
                0x0000000024000000        0x4 ./Common/Src/system_stm32h7xx_dualcore_boot_cm4_cm7.o
                0x0000000024000000                SystemCoreClock
 .data.kp_V_start
                0x0000000024000004        0x4 ./Core/Src/main.o
                0x0000000024000004                kp_V_start
 .data.kp_I_start
                0x0000000024000008        0x4 ./Core/Src/main.o
                0x0000000024000008                kp_I_start
 .data.output_max_current_ocp
                0x000000002400000c        0x4 ./Core/Src/main.o
                0x000000002400000c                output_max_current_ocp
 .data.ocp_limit
                0x0000000024000010        0x4 ./Core/Src/ocp.o
 .data.ocp_filter_coeff
                0x0000000024000014        0x4 ./Core/Src/ocp.o
 .data.current_deadtime
                0x0000000024000018        0x1 ./Core/Src/power_on.o
 *fill*         0x0000000024000019        0x3 
 .data.KP_V_dynamic
                0x000000002400001c        0x4 ./Core/Src/stm32h7xx_it.o
                0x000000002400001c                KP_V_dynamic
 .data.KP_I_dynamic
                0x0000000024000020        0x4 ./Core/Src/stm32h7xx_it.o
                0x0000000024000020                KP_I_dynamic
 .data.KP_V_dynamic2
                0x0000000024000024        0x4 ./Core/Src/stm32h7xx_it.o
                0x0000000024000024                KP_V_dynamic2
 .data.KP_I_dynamic2
                0x0000000024000028        0x4 ./Core/Src/stm32h7xx_it.o
                0x0000000024000028                KP_I_dynamic2
 .data.xddd     0x000000002400002c        0x4 ./Core/Src/stm32h7xx_it.o
                0x000000002400002c                xddd
 .data.previous_case.1
                0x0000000024000030        0x4 ./Core/Src/stm32h7xx_it.o
 *(.RamFunc)
 *(.RamFunc*)
                0x0000000024000034                . = ALIGN (0x4)
                0x0000000024000034                _edata = .

.igot.plt       0x0000000024000034        0x0 load address 0x000000000800466c
 .igot.plt      0x0000000024000034        0x0 D:/ST/STM32CubeIDE_1.14.1/STM32CubeIDE/plugins/com.st.stm32cube.ide.mcu.externaltools.gnu-tools-for-stm32.11.3.rel1.win32_1.1.100.202309141235/tools/bin/../lib/gcc/arm-none-eabi/11.3.1/thumb/v7e-m+dp/hard/crtbegin.o

.RAM_D2         0x0000000024000034        0x8 load address 0x000000000800466c
 .RAM_D2        0x0000000024000034        0x8 ./Core/Src/main.o
                0x0000000024000034                adc_buffer
                0x0000000024000038                adc2_buffer
                0x000000002400003c                . = ALIGN (0x4)

.bss            0x000000002400003c       0xd4 load address 0x0000000008004674
                0x000000002400003c                _sbss = .
                0x000000002400003c                __bss_start__ = _sbss
 *(.bss)
 .bss           0x000000002400003c       0x1c D:/ST/STM32CubeIDE_1.14.1/STM32CubeIDE/plugins/com.st.stm32cube.ide.mcu.externaltools.gnu-tools-for-stm32.11.3.rel1.win32_1.1.100.202309141235/tools/bin/../lib/gcc/arm-none-eabi/11.3.1/thumb/v7e-m+dp/hard/crtbegin.o
 *(.bss*)
 .bss.test      0x0000000024000058        0x4 ./Core/Src/main.o
                0x0000000024000058                test
 .bss.target_duty
                0x000000002400005c        0x4 ./Core/Src/main.o
                0x000000002400005c                target_duty
 .bss.setpoint  0x0000000024000060        0x4 ./Core/Src/main.o
                0x0000000024000060                setpoint
 .bss.previous_setpoint
                0x0000000024000064        0x4 ./Core/Src/main.o
                0x0000000024000064                previous_setpoint
 .bss.V_reg_out
                0x0000000024000068        0x4 ./Core/Src/main.o
                0x0000000024000068                V_reg_out
 .bss.current_case
                0x000000002400006c        0x4 ./Core/Src/main.o
                0x000000002400006c                current_case
 .bss.plus      0x0000000024000070        0x4 ./Core/Src/main.o
                0x0000000024000070                plus
 .bss.minus     0x0000000024000074        0x4 ./Core/Src/main.o
                0x0000000024000074                minus
 .bss.current_inductor_filter
                0x0000000024000078        0x4 ./Core/Src/main.o
                0x0000000024000078                current_inductor_filter
 .bss.old_current
                0x000000002400007c        0x4 ./Core/Src/main.o
                0x000000002400007c                old_current
 .bss.buck_fault
                0x0000000024000080        0x2 ./Core/Src/main.o
                0x0000000024000080                buck_fault
 .bss.cec_fault
                0x0000000024000082        0x2 ./Core/Src/main.o
                0x0000000024000082                cec_fault
 .bss.half_bridge_fault
                0x0000000024000084        0x2 ./Core/Src/main.o
                0x0000000024000084                half_bridge_fault
 .bss.ocp_state
                0x0000000024000086        0x2 ./Core/Src/main.o
                0x0000000024000086                ocp_state
 .bss.current_inductor
                0x0000000024000088        0x4 ./Core/Src/main.o
                0x0000000024000088                current_inductor
 .bss.current_out
                0x000000002400008c        0x4 ./Core/Src/main.o
                0x000000002400008c                current_out
 .bss.voltage_out
                0x0000000024000090        0x4 ./Core/Src/main.o
                0x0000000024000090                voltage_out
 .bss.voltage_in
                0x0000000024000094        0x4 ./Core/Src/main.o
                0x0000000024000094                voltage_in
 .bss.state     0x0000000024000098        0x2 ./Core/Src/main.o
                0x0000000024000098                state
 *fill*         0x000000002400009a        0x2 
 .bss.pi_regulator
                0x000000002400009c       0x20 ./Core/Src/main.o
                0x000000002400009c                pi_regulator
 .bss.pic_regulator
                0x00000000240000bc       0x20 ./Core/Src/main.o
                0x00000000240000bc                pic_regulator
 .bss.nol_regulator
                0x00000000240000dc       0x14 ./Core/Src/main.o
                0x00000000240000dc                nol_regulator
 .bss.filtered_current
                0x00000000240000f0        0x4 ./Core/Src/ocp.o
 .bss.old_current
                0x00000000240000f4        0x4 ./Core/Src/ocp.o
 .bss.ocp_triggered
                0x00000000240000f8        0x4 ./Core/Src/ocp.o
 .bss.entered_case1_once
                0x00000000240000fc        0x4 ./Core/Src/stm32h7xx_it.o
                0x00000000240000fc                entered_case1_once
 .bss.xd        0x0000000024000100        0x4 ./Core/Src/stm32h7xx_it.o
                0x0000000024000100                xd
 .bss.force_case1_counter
                0x0000000024000104        0x4 ./Core/Src/stm32h7xx_it.o
                0x0000000024000104                force_case1_counter
 .bss.blokada_case_change
                0x0000000024000108        0x1 ./Core/Src/stm32h7xx_it.o
                0x0000000024000108                blokada_case_change
 *fill*         0x0000000024000109        0x3 
 .bss.kp_boost_counter
                0x000000002400010c        0x4 ./Core/Src/stm32h7xx_it.o
                0x000000002400010c                kp_boost_counter
 *(COMMON)
                0x0000000024000110                . = ALIGN (0x4)
                0x0000000024000110                _ebss = .
                0x0000000024000110                __bss_end__ = _ebss

._user_heap_stack
                0x0000000024000110      0x600 load address 0x0000000008004674
                0x0000000024000110                . = ALIGN (0x8)
                [!provide]                        PROVIDE (end = .)
                0x0000000024000110                PROVIDE (_end = .)
                0x0000000024000310                . = (. + _Min_Heap_Size)
 *fill*         0x0000000024000110      0x200 
                0x0000000024000710                . = (. + _Min_Stack_Size)
 *fill*         0x0000000024000310      0x400 
                0x0000000024000710                . = ALIGN (0x8)

/DISCARD/
 libc.a(*)
 libm.a(*)
 libgcc.a(*)

.ARM.attributes
                0x0000000000000000       0x2e
 *(.ARM.attributes)
 .ARM.attributes
                0x0000000000000000       0x1e D:/ST/STM32CubeIDE_1.14.1/STM32CubeIDE/plugins/com.st.stm32cube.ide.mcu.externaltools.gnu-tools-for-stm32.11.3.rel1.win32_1.1.100.202309141235/tools/bin/../lib/gcc/arm-none-eabi/11.3.1/thumb/v7e-m+dp/hard/crti.o
 .ARM.attributes
                0x000000000000001e       0x32 D:/ST/STM32CubeIDE_1.14.1/STM32CubeIDE/plugins/com.st.stm32cube.ide.mcu.externaltools.gnu-tools-for-stm32.11.3.rel1.win32_1.1.100.202309141235/tools/bin/../lib/gcc/arm-none-eabi/11.3.1/thumb/v7e-m+dp/hard/crtbegin.o
 .ARM.attributes
                0x0000000000000050       0x32 ./Common/Src/system_stm32h7xx_dualcore_boot_cm4_cm7.o
 .ARM.attributes
                0x0000000000000082       0x32 ./Core/Src/adc.o
 .ARM.attributes
                0x00000000000000b4       0x32 ./Core/Src/adc_config.o
 .ARM.attributes
                0x00000000000000e6       0x32 ./Core/Src/dma.o
 .ARM.attributes
                0x0000000000000118       0x32 ./Core/Src/gpio.o
 .ARM.attributes
                0x000000000000014a       0x32 ./Core/Src/main.o
 .ARM.attributes
                0x000000000000017c       0x32 ./Core/Src/no_load_controller.o
 .ARM.attributes
                0x00000000000001ae       0x32 ./Core/Src/ocp.o
 .ARM.attributes
                0x00000000000001e0       0x32 ./Core/Src/pi_controller.o
 .ARM.attributes
                0x0000000000000212       0x32 ./Core/Src/pi_controller_current.o
 .ARM.attributes
                0x0000000000000244       0x32 ./Core/Src/power_on.o
 .ARM.attributes
                0x0000000000000276       0x32 ./Core/Src/stm32h7xx_it.o
 .ARM.attributes
                0x00000000000002a8       0x32 ./Core/Src/tim.o
 .ARM.attributes
                0x00000000000002da       0x21 ./Core/Startup/startup_stm32h755zitx.o
 .ARM.attributes
                0x00000000000002fb       0x32 ./Drivers/STM32H7xx_HAL_Driver/Src/stm32h7xx_ll_adc.o
 .ARM.attributes
                0x000000000000032d       0x32 ./Drivers/STM32H7xx_HAL_Driver/Src/stm32h7xx_ll_gpio.o
 .ARM.attributes
                0x000000000000035f       0x32 ./Drivers/STM32H7xx_HAL_Driver/Src/stm32h7xx_ll_tim.o
 .ARM.attributes
                0x0000000000000391       0x32 ./Drivers/STM32H7xx_HAL_Driver/Src/stm32h7xx_ll_utils.o
 .ARM.attributes
                0x00000000000003c3       0x32 D:/ST/STM32CubeIDE_1.14.1/STM32CubeIDE/plugins/com.st.stm32cube.ide.mcu.externaltools.gnu-tools-for-stm32.11.3.rel1.win32_1.1.100.202309141235/tools/bin/../lib/gcc/arm-none-eabi/11.3.1/../../../../arm-none-eabi/lib/thumb/v7e-m+dp/hard\libc_nano.a(libc_a-memset.o)
 .ARM.attributes
                0x00000000000003f5       0x32 D:/ST/STM32CubeIDE_1.14.1/STM32CubeIDE/plugins/com.st.stm32cube.ide.mcu.externaltools.gnu-tools-for-stm32.11.3.rel1.win32_1.1.100.202309141235/tools/bin/../lib/gcc/arm-none-eabi/11.3.1/../../../../arm-none-eabi/lib/thumb/v7e-m+dp/hard\libc_nano.a(libc_a-init.o)
 .ARM.attributes
                0x0000000000000427       0x1e D:/ST/STM32CubeIDE_1.14.1/STM32CubeIDE/plugins/com.st.stm32cube.ide.mcu.externaltools.gnu-tools-for-stm32.11.3.rel1.win32_1.1.100.202309141235/tools/bin/../lib/gcc/arm-none-eabi/11.3.1/thumb/v7e-m+dp/hard/crtn.o
OUTPUT(adctest_CM7.elf elf32-littlearm)
LOAD linker stubs
LOAD D:/ST/STM32CubeIDE_1.14.1/STM32CubeIDE/plugins/com.st.stm32cube.ide.mcu.externaltools.gnu-tools-for-stm32.11.3.rel1.win32_1.1.100.202309141235/tools/bin/../lib/gcc/arm-none-eabi/11.3.1/../../../../arm-none-eabi/lib/thumb/v7e-m+dp/hard\libc.a
LOAD D:/ST/STM32CubeIDE_1.14.1/STM32CubeIDE/plugins/com.st.stm32cube.ide.mcu.externaltools.gnu-tools-for-stm32.11.3.rel1.win32_1.1.100.202309141235/tools/bin/../lib/gcc/arm-none-eabi/11.3.1/../../../../arm-none-eabi/lib/thumb/v7e-m+dp/hard\libm.a
LOAD D:/ST/STM32CubeIDE_1.14.1/STM32CubeIDE/plugins/com.st.stm32cube.ide.mcu.externaltools.gnu-tools-for-stm32.11.3.rel1.win32_1.1.100.202309141235/tools/bin/../lib/gcc/arm-none-eabi/11.3.1/thumb/v7e-m+dp/hard\libgcc.a

.comment        0x0000000000000000       0x43
 .comment       0x0000000000000000       0x43 D:/ST/STM32CubeIDE_1.14.1/STM32CubeIDE/plugins/com.st.stm32cube.ide.mcu.externaltools.gnu-tools-for-stm32.11.3.rel1.win32_1.1.100.202309141235/tools/bin/../lib/gcc/arm-none-eabi/11.3.1/thumb/v7e-m+dp/hard/crtbegin.o
                                         0x44 (size before relaxing)
 .comment       0x0000000000000043       0x44 ./Common/Src/system_stm32h7xx_dualcore_boot_cm4_cm7.o
 .comment       0x0000000000000043       0x44 ./Core/Src/adc.o
 .comment       0x0000000000000043       0x44 ./Core/Src/adc_config.o
 .comment       0x0000000000000043       0x44 ./Core/Src/dma.o
 .comment       0x0000000000000043       0x44 ./Core/Src/gpio.o
 .comment       0x0000000000000043       0x44 ./Core/Src/main.o
 .comment       0x0000000000000043       0x44 ./Core/Src/no_load_controller.o
 .comment       0x0000000000000043       0x44 ./Core/Src/ocp.o
 .comment       0x0000000000000043       0x44 ./Core/Src/pi_controller.o
 .comment       0x0000000000000043       0x44 ./Core/Src/pi_controller_current.o
 .comment       0x0000000000000043       0x44 ./Core/Src/power_on.o
 .comment       0x0000000000000043       0x44 ./Core/Src/stm32h7xx_it.o
 .comment       0x0000000000000043       0x44 ./Core/Src/tim.o
 .comment       0x0000000000000043       0x44 ./Drivers/STM32H7xx_HAL_Driver/Src/stm32h7xx_ll_adc.o
 .comment       0x0000000000000043       0x44 ./Drivers/STM32H7xx_HAL_Driver/Src/stm32h7xx_ll_gpio.o
 .comment       0x0000000000000043       0x44 ./Drivers/STM32H7xx_HAL_Driver/Src/stm32h7xx_ll_tim.o
 .comment       0x0000000000000043       0x44 ./Drivers/STM32H7xx_HAL_Driver/Src/stm32h7xx_ll_utils.o

.debug_info     0x0000000000000000     0xc64c
 .debug_info    0x0000000000000000      0xdb0 ./Common/Src/system_stm32h7xx_dualcore_boot_cm4_cm7.o
 .debug_info    0x0000000000000db0     0x113b ./Core/Src/adc.o
 .debug_info    0x0000000000001eeb      0x6a5 ./Core/Src/adc_config.o
 .debug_info    0x0000000000002590      0xef8 ./Core/Src/dma.o
 .debug_info    0x0000000000003488      0x6c2 ./Core/Src/gpio.o
 .debug_info    0x0000000000003b4a     0x1fb3 ./Core/Src/main.o
 .debug_info    0x0000000000005afd      0x279 ./Core/Src/no_load_controller.o
 .debug_info    0x0000000000005d76      0x407 ./Core/Src/ocp.o
 .debug_info    0x000000000000617d      0x2d6 ./Core/Src/pi_controller.o
 .debug_info    0x0000000000006453      0x2cc ./Core/Src/pi_controller_current.o
 .debug_info    0x000000000000671f      0x618 ./Core/Src/power_on.o
 .debug_info    0x0000000000006d37      0x8bb ./Core/Src/stm32h7xx_it.o
 .debug_info    0x00000000000075f2     0x176f ./Core/Src/tim.o
 .debug_info    0x0000000000008d61       0x23 ./Core/Startup/startup_stm32h755zitx.o
 .debug_info    0x0000000000008d84      0xd35 ./Drivers/STM32H7xx_HAL_Driver/Src/stm32h7xx_ll_adc.o
 .debug_info    0x0000000000009ab9      0x883 ./Drivers/STM32H7xx_HAL_Driver/Src/stm32h7xx_ll_gpio.o
 .debug_info    0x000000000000a33c     0x12fb ./Drivers/STM32H7xx_HAL_Driver/Src/stm32h7xx_ll_tim.o
 .debug_info    0x000000000000b637     0x1015 ./Drivers/STM32H7xx_HAL_Driver/Src/stm32h7xx_ll_utils.o

.debug_abbrev   0x0000000000000000     0x1dbd
 .debug_abbrev  0x0000000000000000      0x14c ./Common/Src/system_stm32h7xx_dualcore_boot_cm4_cm7.o
 .debug_abbrev  0x000000000000014c      0x1ce ./Core/Src/adc.o
 .debug_abbrev  0x000000000000031a      0x161 ./Core/Src/adc_config.o
 .debug_abbrev  0x000000000000047b      0x187 ./Core/Src/dma.o
 .debug_abbrev  0x0000000000000602      0x1b5 ./Core/Src/gpio.o
 .debug_abbrev  0x00000000000007b7      0x319 ./Core/Src/main.o
 .debug_abbrev  0x0000000000000ad0      0x104 ./Core/Src/no_load_controller.o
 .debug_abbrev  0x0000000000000bd4      0x176 ./Core/Src/ocp.o
 .debug_abbrev  0x0000000000000d4a      0x11a ./Core/Src/pi_controller.o
 .debug_abbrev  0x0000000000000e64      0x11a ./Core/Src/pi_controller_current.o
 .debug_abbrev  0x0000000000000f7e      0x152 ./Core/Src/power_on.o
 .debug_abbrev  0x00000000000010d0      0x27d ./Core/Src/stm32h7xx_it.o
 .debug_abbrev  0x000000000000134d      0x212 ./Core/Src/tim.o
 .debug_abbrev  0x000000000000155f       0x12 ./Core/Startup/startup_stm32h755zitx.o
 .debug_abbrev  0x0000000000001571      0x18b ./Drivers/STM32H7xx_HAL_Driver/Src/stm32h7xx_ll_adc.o
 .debug_abbrev  0x00000000000016fc      0x22a ./Drivers/STM32H7xx_HAL_Driver/Src/stm32h7xx_ll_gpio.o
 .debug_abbrev  0x0000000000001926      0x22f ./Drivers/STM32H7xx_HAL_Driver/Src/stm32h7xx_ll_tim.o
 .debug_abbrev  0x0000000000001b55      0x268 ./Drivers/STM32H7xx_HAL_Driver/Src/stm32h7xx_ll_utils.o

.debug_aranges  0x0000000000000000      0xaa0
 .debug_aranges
                0x0000000000000000       0x28 ./Common/Src/system_stm32h7xx_dualcore_boot_cm4_cm7.o
 .debug_aranges
                0x0000000000000028       0xb8 ./Core/Src/adc.o
 .debug_aranges
                0x00000000000000e0       0x70 ./Core/Src/adc_config.o
 .debug_aranges
                0x0000000000000150       0x48 ./Core/Src/dma.o
 .debug_aranges
                0x0000000000000198       0x30 ./Core/Src/gpio.o
 .debug_aranges
                0x00000000000001c8      0x1b0 ./Core/Src/main.o
 .debug_aranges
                0x0000000000000378       0x30 ./Core/Src/no_load_controller.o
 .debug_aranges
                0x00000000000003a8       0x40 ./Core/Src/ocp.o
 .debug_aranges
                0x00000000000003e8       0x38 ./Core/Src/pi_controller.o
 .debug_aranges
                0x0000000000000420       0x38 ./Core/Src/pi_controller_current.o
 .debug_aranges
                0x0000000000000458       0xb0 ./Core/Src/power_on.o
 .debug_aranges
                0x0000000000000508       0xb8 ./Core/Src/stm32h7xx_it.o
 .debug_aranges
                0x00000000000005c0       0xb8 ./Core/Src/tim.o
 .debug_aranges
                0x0000000000000678       0x28 ./Core/Startup/startup_stm32h755zitx.o
 .debug_aranges
                0x00000000000006a0       0xe0 ./Drivers/STM32H7xx_HAL_Driver/Src/stm32h7xx_ll_adc.o
 .debug_aranges
                0x0000000000000780       0x70 ./Drivers/STM32H7xx_HAL_Driver/Src/stm32h7xx_ll_gpio.o
 .debug_aranges
                0x00000000000007f0      0x148 ./Drivers/STM32H7xx_HAL_Driver/Src/stm32h7xx_ll_tim.o
 .debug_aranges
                0x0000000000000938      0x168 ./Drivers/STM32H7xx_HAL_Driver/Src/stm32h7xx_ll_utils.o

.debug_rnglists
                0x0000000000000000      0x7ca
 .debug_rnglists
                0x0000000000000000       0x1b ./Common/Src/system_stm32h7xx_dualcore_boot_cm4_cm7.o
 .debug_rnglists
                0x000000000000001b       0x87 ./Core/Src/adc.o
 .debug_rnglists
                0x00000000000000a2       0x51 ./Core/Src/adc_config.o
 .debug_rnglists
                0x00000000000000f3       0x31 ./Core/Src/dma.o
 .debug_rnglists
                0x0000000000000124       0x20 ./Core/Src/gpio.o
 .debug_rnglists
                0x0000000000000144      0x141 ./Core/Src/main.o
 .debug_rnglists
                0x0000000000000285       0x20 ./Core/Src/no_load_controller.o
 .debug_rnglists
                0x00000000000002a5       0x2b ./Core/Src/ocp.o
 .debug_rnglists
                0x00000000000002d0       0x26 ./Core/Src/pi_controller.o
 .debug_rnglists
                0x00000000000002f6       0x26 ./Core/Src/pi_controller_current.o
 .debug_rnglists
                0x000000000000031c       0x80 ./Core/Src/power_on.o
 .debug_rnglists
                0x000000000000039c       0x86 ./Core/Src/stm32h7xx_it.o
 .debug_rnglists
                0x0000000000000422       0x8c ./Core/Src/tim.o
 .debug_rnglists
                0x00000000000004ae       0x19 ./Core/Startup/startup_stm32h755zitx.o
 .debug_rnglists
                0x00000000000004c7       0xa6 ./Drivers/STM32H7xx_HAL_Driver/Src/stm32h7xx_ll_adc.o
 .debug_rnglists
                0x000000000000056d       0x51 ./Drivers/STM32H7xx_HAL_Driver/Src/stm32h7xx_ll_gpio.o
 .debug_rnglists
                0x00000000000005be       0xfe ./Drivers/STM32H7xx_HAL_Driver/Src/stm32h7xx_ll_tim.o
 .debug_rnglists
                0x00000000000006bc      0x10e ./Drivers/STM32H7xx_HAL_Driver/Src/stm32h7xx_ll_utils.o

.debug_macro    0x0000000000000000    0x311a6
 .debug_macro   0x0000000000000000      0x182 ./Common/Src/system_stm32h7xx_dualcore_boot_cm4_cm7.o
 .debug_macro   0x0000000000000182      0xaf6 ./Common/Src/system_stm32h7xx_dualcore_boot_cm4_cm7.o
 .debug_macro   0x0000000000000c78       0x2e ./Common/Src/system_stm32h7xx_dualcore_boot_cm4_cm7.o
 .debug_macro   0x0000000000000ca6       0x49 ./Common/Src/system_stm32h7xx_dualcore_boot_cm4_cm7.o
 .debug_macro   0x0000000000000cef       0x22 ./Common/Src/system_stm32h7xx_dualcore_boot_cm4_cm7.o
 .debug_macro   0x0000000000000d11       0x8e ./Common/Src/system_stm32h7xx_dualcore_boot_cm4_cm7.o
 .debug_macro   0x0000000000000d9f       0x51 ./Common/Src/system_stm32h7xx_dualcore_boot_cm4_cm7.o
 .debug_macro   0x0000000000000df0      0x103 ./Common/Src/system_stm32h7xx_dualcore_boot_cm4_cm7.o
 .debug_macro   0x0000000000000ef3       0x6a ./Common/Src/system_stm32h7xx_dualcore_boot_cm4_cm7.o
 .debug_macro   0x0000000000000f5d      0x1df ./Common/Src/system_stm32h7xx_dualcore_boot_cm4_cm7.o
 .debug_macro   0x000000000000113c       0x1c ./Common/Src/system_stm32h7xx_dualcore_boot_cm4_cm7.o
 .debug_macro   0x0000000000001158       0x22 ./Common/Src/system_stm32h7xx_dualcore_boot_cm4_cm7.o
 .debug_macro   0x000000000000117a       0xfb ./Common/Src/system_stm32h7xx_dualcore_boot_cm4_cm7.o
 .debug_macro   0x0000000000001275     0x1305 ./Common/Src/system_stm32h7xx_dualcore_boot_cm4_cm7.o
 .debug_macro   0x000000000000257a      0x11f ./Common/Src/system_stm32h7xx_dualcore_boot_cm4_cm7.o
 .debug_macro   0x0000000000002699       0x27 ./Common/Src/system_stm32h7xx_dualcore_boot_cm4_cm7.o
 .debug_macro   0x00000000000026c0    0x273f2 ./Common/Src/system_stm32h7xx_dualcore_boot_cm4_cm7.o
 .debug_macro   0x0000000000029ab2       0x6d ./Common/Src/system_stm32h7xx_dualcore_boot_cm4_cm7.o
 .debug_macro   0x0000000000029b1f       0x61 ./Common/Src/system_stm32h7xx_dualcore_boot_cm4_cm7.o
 .debug_macro   0x0000000000029b80       0x29 ./Common/Src/system_stm32h7xx_dualcore_boot_cm4_cm7.o
 .debug_macro   0x0000000000029ba9       0x43 ./Common/Src/system_stm32h7xx_dualcore_boot_cm4_cm7.o
 .debug_macro   0x0000000000029bec       0x34 ./Common/Src/system_stm32h7xx_dualcore_boot_cm4_cm7.o
 .debug_macro   0x0000000000029c20      0x174 ./Common/Src/system_stm32h7xx_dualcore_boot_cm4_cm7.o
 .debug_macro   0x0000000000029d94       0x16 ./Common/Src/system_stm32h7xx_dualcore_boot_cm4_cm7.o
 .debug_macro   0x0000000000029daa       0x43 ./Common/Src/system_stm32h7xx_dualcore_boot_cm4_cm7.o
 .debug_macro   0x0000000000029ded       0x34 ./Common/Src/system_stm32h7xx_dualcore_boot_cm4_cm7.o
 .debug_macro   0x0000000000029e21       0x10 ./Common/Src/system_stm32h7xx_dualcore_boot_cm4_cm7.o
 .debug_macro   0x0000000000029e31       0x58 ./Common/Src/system_stm32h7xx_dualcore_boot_cm4_cm7.o
 .debug_macro   0x0000000000029e89       0x8e ./Common/Src/system_stm32h7xx_dualcore_boot_cm4_cm7.o
 .debug_macro   0x0000000000029f17       0x1c ./Common/Src/system_stm32h7xx_dualcore_boot_cm4_cm7.o
 .debug_macro   0x0000000000029f33      0x177 ./Common/Src/system_stm32h7xx_dualcore_boot_cm4_cm7.o
 .debug_macro   0x000000000002a0aa      0x369 ./Common/Src/system_stm32h7xx_dualcore_boot_cm4_cm7.o
 .debug_macro   0x000000000002a413      0x19b ./Common/Src/system_stm32h7xx_dualcore_boot_cm4_cm7.o
 .debug_macro   0x000000000002a5ae      0x22a ./Core/Src/adc.o
 .debug_macro   0x000000000002a7d8     0x103e ./Core/Src/adc.o
 .debug_macro   0x000000000002b816      0x79a ./Core/Src/adc.o
 .debug_macro   0x000000000002bfb0      0x1ae ./Core/Src/adc.o
 .debug_macro   0x000000000002c15e      0x9e3 ./Core/Src/adc.o
 .debug_macro   0x000000000002cb41       0xd0 ./Core/Src/adc.o
 .debug_macro   0x000000000002cc11      0x358 ./Core/Src/adc.o
 .debug_macro   0x000000000002cf69      0x384 ./Core/Src/adc.o
 .debug_macro   0x000000000002d2ed      0x2db ./Core/Src/adc.o
 .debug_macro   0x000000000002d5c8      0x1e0 ./Core/Src/adc.o
 .debug_macro   0x000000000002d7a8       0x46 ./Core/Src/adc.o
 .debug_macro   0x000000000002d7ee      0x284 ./Core/Src/adc.o
 .debug_macro   0x000000000002da72      0xa79 ./Core/Src/adc.o
 .debug_macro   0x000000000002e4eb      0x165 ./Core/Src/adc.o
 .debug_macro   0x000000000002e650       0x22 ./Core/Src/adc.o
 .debug_macro   0x000000000002e672      0x22a ./Core/Src/adc_config.o
 .debug_macro   0x000000000002e89c      0x22a ./Core/Src/dma.o
 .debug_macro   0x000000000002eac6      0x22a ./Core/Src/gpio.o
 .debug_macro   0x000000000002ecf0      0x297 ./Core/Src/main.o
 .debug_macro   0x000000000002ef87       0x10 ./Core/Src/main.o
 .debug_macro   0x000000000002ef97      0x22a ./Core/Src/no_load_controller.o
 .debug_macro   0x000000000002f1c1      0x234 ./Core/Src/ocp.o
 .debug_macro   0x000000000002f3f5      0x22a ./Core/Src/pi_controller.o
 .debug_macro   0x000000000002f61f      0x22a ./Core/Src/pi_controller_current.o
 .debug_macro   0x000000000002f849      0x22a ./Core/Src/power_on.o
 .debug_macro   0x000000000002fa73      0x25c ./Core/Src/stm32h7xx_it.o
 .debug_macro   0x000000000002fccf      0x22a ./Core/Src/tim.o
 .debug_macro   0x000000000002fef9      0x17e ./Drivers/STM32H7xx_HAL_Driver/Src/stm32h7xx_ll_adc.o
 .debug_macro   0x0000000000030077      0x10e ./Drivers/STM32H7xx_HAL_Driver/Src/stm32h7xx_ll_gpio.o
 .debug_macro   0x0000000000030185      0x15f ./Drivers/STM32H7xx_HAL_Driver/Src/stm32h7xx_ll_gpio.o
 .debug_macro   0x00000000000302e4      0x175 ./Drivers/STM32H7xx_HAL_Driver/Src/stm32h7xx_ll_tim.o
 .debug_macro   0x0000000000030459      0xa73 ./Drivers/STM32H7xx_HAL_Driver/Src/stm32h7xx_ll_tim.o
 .debug_macro   0x0000000000030ecc      0x2da ./Drivers/STM32H7xx_HAL_Driver/Src/stm32h7xx_ll_utils.o

.debug_line     0x0000000000000000     0xae95
 .debug_line    0x0000000000000000      0x84d ./Common/Src/system_stm32h7xx_dualcore_boot_cm4_cm7.o
 .debug_line    0x000000000000084d      0xaaf ./Core/Src/adc.o
 .debug_line    0x00000000000012fc      0x930 ./Core/Src/adc_config.o
 .debug_line    0x0000000000001c2c      0x8a4 ./Core/Src/dma.o
 .debug_line    0x00000000000024d0      0x80a ./Core/Src/gpio.o
 .debug_line    0x0000000000002cda      0xfa0 ./Core/Src/main.o
 .debug_line    0x0000000000003c7a      0xa82 ./Core/Src/no_load_controller.o
 .debug_line    0x00000000000046fc      0x84e ./Core/Src/ocp.o
 .debug_line    0x0000000000004f4a      0x881 ./Core/Src/pi_controller.o
 .debug_line    0x00000000000057cb      0x88c ./Core/Src/pi_controller_current.o
 .debug_line    0x0000000000006057      0x9cf ./Core/Src/power_on.o
 .debug_line    0x0000000000006a26      0xb0c ./Core/Src/stm32h7xx_it.o
 .debug_line    0x0000000000007532      0xd0a ./Core/Src/tim.o
 .debug_line    0x000000000000823c       0x7a ./Core/Startup/startup_stm32h755zitx.o
 .debug_line    0x00000000000082b6      0x9b3 ./Drivers/STM32H7xx_HAL_Driver/Src/stm32h7xx_ll_adc.o
 .debug_line    0x0000000000008c69      0x753 ./Drivers/STM32H7xx_HAL_Driver/Src/stm32h7xx_ll_gpio.o
 .debug_line    0x00000000000093bc      0xd03 ./Drivers/STM32H7xx_HAL_Driver/Src/stm32h7xx_ll_tim.o
 .debug_line    0x000000000000a0bf      0xdd6 ./Drivers/STM32H7xx_HAL_Driver/Src/stm32h7xx_ll_utils.o

.debug_str      0x0000000000000000   0x11cc3e
 .debug_str     0x0000000000000000    0xf2c0a ./Common/Src/system_stm32h7xx_dualcore_boot_cm4_cm7.o
                                      0xf2ec9 (size before relaxing)
 .debug_str     0x00000000000f2c0a    0x221f5 ./Core/Src/adc.o
                                     0x114d2e (size before relaxing)
 .debug_str     0x0000000000114dff      0x140 ./Core/Src/adc_config.o
                                     0x1147e3 (size before relaxing)
 .debug_str     0x0000000000114f3f      0x8da ./Core/Src/dma.o
                                     0x1151ff (size before relaxing)
 .debug_str     0x0000000000115819       0x51 ./Core/Src/gpio.o
                                     0x11483f (size before relaxing)
 .debug_str     0x000000000011586a      0x8e0 ./Core/Src/main.o
                                     0x115daf (size before relaxing)
 .debug_str     0x000000000011614a       0x51 ./Core/Src/no_load_controller.o
                                     0x1145c8 (size before relaxing)
 .debug_str     0x000000000011619b       0xe1 ./Core/Src/ocp.o
                                     0x114647 (size before relaxing)
 .debug_str     0x000000000011627c       0x65 ./Core/Src/pi_controller.o
                                     0x1145d9 (size before relaxing)
 .debug_str     0x00000000001162e1       0x62 ./Core/Src/pi_controller_current.o
                                     0x1145e5 (size before relaxing)
 .debug_str     0x0000000000116343      0x170 ./Core/Src/power_on.o
                                     0x11478a (size before relaxing)
 .debug_str     0x00000000001164b3      0x22f ./Core/Src/stm32h7xx_it.o
                                     0x114a60 (size before relaxing)
 .debug_str     0x00000000001166e2      0x2b8 ./Core/Src/tim.o
                                     0x11563b (size before relaxing)
 .debug_str     0x000000000011699a       0x34 ./Core/Startup/startup_stm32h755zitx.o
                                         0x6f (size before relaxing)
 .debug_str     0x00000000001169ce     0x2b10 ./Drivers/STM32H7xx_HAL_Driver/Src/stm32h7xx_ll_adc.o
                                      0xfe2f1 (size before relaxing)
 .debug_str     0x00000000001194de      0x660 ./Drivers/STM32H7xx_HAL_Driver/Src/stm32h7xx_ll_gpio.o
                                      0xf1419 (size before relaxing)
 .debug_str     0x0000000000119b3e     0x1ac4 ./Drivers/STM32H7xx_HAL_Driver/Src/stm32h7xx_ll_tim.o
                                      0xf7408 (size before relaxing)
 .debug_str     0x000000000011b602     0x163c ./Drivers/STM32H7xx_HAL_Driver/Src/stm32h7xx_ll_utils.o
                                      0xff9e8 (size before relaxing)

.debug_frame    0x0000000000000000     0x2afc
 .debug_frame   0x0000000000000000       0x58 ./Common/Src/system_stm32h7xx_dualcore_boot_cm4_cm7.o
 .debug_frame   0x0000000000000058      0x328 ./Core/Src/adc.o
 .debug_frame   0x0000000000000380      0x1c0 ./Core/Src/adc_config.o
 .debug_frame   0x0000000000000540       0xec ./Core/Src/dma.o
 .debug_frame   0x000000000000062c       0x84 ./Core/Src/gpio.o
 .debug_frame   0x00000000000006b0      0x774 ./Core/Src/main.o
 .debug_frame   0x0000000000000e24       0x88 ./Core/Src/no_load_controller.o
 .debug_frame   0x0000000000000eac       0xcc ./Core/Src/ocp.o
 .debug_frame   0x0000000000000f78       0xb0 ./Core/Src/pi_controller.o
 .debug_frame   0x0000000000001028       0xb0 ./Core/Src/pi_controller_current.o
 .debug_frame   0x00000000000010d8      0x2b4 ./Core/Src/power_on.o
 .debug_frame   0x000000000000138c      0x290 ./Core/Src/stm32h7xx_it.o
 .debug_frame   0x000000000000161c      0x318 ./Core/Src/tim.o
 .debug_frame   0x0000000000001934      0x3e8 ./Drivers/STM32H7xx_HAL_Driver/Src/stm32h7xx_ll_adc.o
 .debug_frame   0x0000000000001d1c      0x1c0 ./Drivers/STM32H7xx_HAL_Driver/Src/stm32h7xx_ll_gpio.o
 .debug_frame   0x0000000000001edc      0x5d0 ./Drivers/STM32H7xx_HAL_Driver/Src/stm32h7xx_ll_tim.o
 .debug_frame   0x00000000000024ac      0x604 ./Drivers/STM32H7xx_HAL_Driver/Src/stm32h7xx_ll_utils.o
 .debug_frame   0x0000000000002ab0       0x20 D:/ST/STM32CubeIDE_1.14.1/STM32CubeIDE/plugins/com.st.stm32cube.ide.mcu.externaltools.gnu-tools-for-stm32.11.3.rel1.win32_1.1.100.202309141235/tools/bin/../lib/gcc/arm-none-eabi/11.3.1/../../../../arm-none-eabi/lib/thumb/v7e-m+dp/hard\libc_nano.a(libc_a-memset.o)
 .debug_frame   0x0000000000002ad0       0x2c D:/ST/STM32CubeIDE_1.14.1/STM32CubeIDE/plugins/com.st.stm32cube.ide.mcu.externaltools.gnu-tools-for-stm32.11.3.rel1.win32_1.1.100.202309141235/tools/bin/../lib/gcc/arm-none-eabi/11.3.1/../../../../arm-none-eabi/lib/thumb/v7e-m+dp/hard\libc_nano.a(libc_a-init.o)

.debug_line_str
                0x0000000000000000       0x63
 .debug_line_str
                0x0000000000000000       0x63 ./Core/Startup/startup_stm32h755zitx.o
                                         0x7b (size before relaxing)
