../../Drivers/STM32H7xx_HAL_Driver/Inc/stm32h7xx_ll_adc.h:4255:22:LL_ADC_REG_SetSequencerRanks	32	static
../../Drivers/STM32H7xx_HAL_Driver/Inc/stm32h7xx_ll_adc.h:5409:22:LL_ADC_SetChannelSamplingTime	32	static
../../Drivers/STM32H7xx_HAL_Driver/Inc/stm32h7xx_ll_adc.h:5555:22:LL_ADC_SetChannelSingleDiff	24	static
../../Drivers/STM32H7xx_HAL_Driver/Inc/stm32h7xx_ll_adc.h:6296:22:LL_ADC_SetOverSamplingScope	16	static
../../Drivers/STM32H7xx_HAL_Driver/Inc/stm32h7xx_ll_adc.h:6818:22:LL_ADC_DisableDeepPowerDown	16	static
../../Drivers/STM32H7xx_HAL_Driver/Inc/stm32h7xx_ll_adc.h:6851:22:LL_ADC_EnableInternalRegulator	16	static
../../Drivers/STM32H7xx_HAL_Driver/Inc/stm32h7xx_ll_dma.h:602:22:LL_DMA_SetDataTransferDirection	32	static
../../Drivers/STM32H7xx_HAL_Driver/Inc/stm32h7xx_ll_dma.h:654:22:LL_DMA_SetMode	32	static
../../Drivers/STM32H7xx_HAL_Driver/Inc/stm32h7xx_ll_dma.h:705:22:LL_DMA_SetPeriphIncMode	32	static
../../Drivers/STM32H7xx_HAL_Driver/Inc/stm32h7xx_ll_dma.h:754:22:LL_DMA_SetMemoryIncMode	32	static
../../Drivers/STM32H7xx_HAL_Driver/Inc/stm32h7xx_ll_dma.h:804:22:LL_DMA_SetPeriphSize	32	static
../../Drivers/STM32H7xx_HAL_Driver/Inc/stm32h7xx_ll_dma.h:855:22:LL_DMA_SetMemorySize	32	static
../../Drivers/STM32H7xx_HAL_Driver/Inc/stm32h7xx_ll_dma.h:956:22:LL_DMA_SetStreamPriorityLevel	32	static
../../Drivers/STM32H7xx_HAL_Driver/Inc/stm32h7xx_ll_dma.h:1238:22:LL_DMA_SetPeriphRequest	24	static
../../Drivers/STM32H7xx_HAL_Driver/Inc/stm32h7xx_ll_dma.h:1668:22:LL_DMA_DisableFifoMode	24	static
../../Drivers/STM32H7xx_HAL_Driver/Inc/stm32h7xx_ll_rcc.h:3341:22:LL_RCC_SetADCClockSource	16	static
../../Drivers/STM32H7xx_HAL_Driver/Inc/stm32h7xx_ll_bus.h:872:22:LL_AHB1_GRP1_EnableClock	24	static
../../Drivers/STM32H7xx_HAL_Driver/Inc/stm32h7xx_ll_bus.h:1384:22:LL_AHB4_GRP1_EnableClock	24	static
../Core/Src/adc.c:28:6:MX_ADC1_Init	88	static
../Core/Src/adc.c:138:6:MX_ADC2_Init	72	static
