../../Drivers/STM32H7xx_HAL_Driver/Inc/stm32h7xx_ll_adc.h:6902:22:LL_ADC_Enable	16	static
../../Drivers/STM32H7xx_HAL_Driver/Inc/stm32h7xx_ll_adc.h:6990:22:LL_ADC_StartCalibration	24	static
../../Drivers/STM32H7xx_HAL_Driver/Inc/stm32h7xx_ll_adc.h:7006:26:LL_ADC_IsCalibrationOnGoing	16	static
../../Drivers/STM32H7xx_HAL_Driver/Inc/stm32h7xx_ll_adc.h:7037:22:LL_ADC_REG_StartConversion	16	static
../../Drivers/STM32H7xx_HAL_Driver/Inc/stm32h7xx_ll_adc.h:7462:26:LL_ADC_IsActiveFlag_ADRDY	16	static
../../Drivers/STM32H7xx_HAL_Driver/Inc/stm32h7xx_ll_dma.h:489:22:LL_DMA_EnableStream	24	static
../../Drivers/STM32H7xx_HAL_Driver/Inc/stm32h7xx_ll_dma.h:1051:22:LL_DMA_SetDataLength	32	static
../../Drivers/STM32H7xx_HAL_Driver/Inc/stm32h7xx_ll_dma.h:1840:22:LL_DMA_SetMemoryAddress	32	static
../../Drivers/STM32H7xx_HAL_Driver/Inc/stm32h7xx_ll_dma.h:1865:22:LL_DMA_SetPeriphAddress	32	static
../Core/Src/adc_config.c:36:6:ADC1_Init_Custom	16	static
../Core/Src/adc_config.c:55:6:ADC2_Init_Custom	16	static
../Core/Src/adc_config.c:77:7:adc_to_voltage_out	24	static
../Core/Src/adc_config.c:88:7:adc_to_current_inductor	24	static
../Core/Src/adc_config.c:95:7:adc_to_current_output	24	static
