../../Drivers/CMSIS/Include/core_cm7.h:1871:22:__NVIC_SetPriorityGrouping	24	static
../../Drivers/CMSIS/Include/core_cm7.h:1890:26:__NVIC_GetPriorityGrouping	4	static
../../Drivers/CMSIS/Include/core_cm7.h:2032:22:__NVIC_SetPriority	16	static
../../Drivers/CMSIS/Include/core_cm7.h:2079:26:NVIC_EncodePriority	40	static
../../Drivers/STM32H7xx_HAL_Driver/Inc/stm32h7xx_ll_rcc.h:1704:22:LL_RCC_HSI_Enable	4	static
../../Drivers/STM32H7xx_HAL_Driver/Inc/stm32h7xx_ll_rcc.h:1724:26:LL_RCC_HSI_IsReady	4	static
../../Drivers/STM32H7xx_HAL_Driver/Inc/stm32h7xx_ll_rcc.h:1749:22:LL_RCC_HSI_SetDivider	16	static
../../Drivers/STM32H7xx_HAL_Driver/Inc/stm32h7xx_ll_rcc.h:1809:22:LL_RCC_HSI_SetCalibTrimming	16	static
../../Drivers/STM32H7xx_HAL_Driver/Inc/stm32h7xx_ll_rcc.h:2405:22:LL_RCC_SetSysClkSource	16	static
../../Drivers/STM32H7xx_HAL_Driver/Inc/stm32h7xx_ll_rcc.h:2419:26:LL_RCC_GetSysClkSource	4	static
../../Drivers/STM32H7xx_HAL_Driver/Inc/stm32h7xx_ll_rcc.h:2489:22:LL_RCC_SetSysPrescaler	16	static
../../Drivers/STM32H7xx_HAL_Driver/Inc/stm32h7xx_ll_rcc.h:2513:22:LL_RCC_SetAHBPrescaler	16	static
../../Drivers/STM32H7xx_HAL_Driver/Inc/stm32h7xx_ll_rcc.h:2533:22:LL_RCC_SetAPB1Prescaler	16	static
../../Drivers/STM32H7xx_HAL_Driver/Inc/stm32h7xx_ll_rcc.h:2553:22:LL_RCC_SetAPB2Prescaler	16	static
../../Drivers/STM32H7xx_HAL_Driver/Inc/stm32h7xx_ll_rcc.h:2573:22:LL_RCC_SetAPB3Prescaler	16	static
../../Drivers/STM32H7xx_HAL_Driver/Inc/stm32h7xx_ll_rcc.h:2593:22:LL_RCC_SetAPB4Prescaler	16	static
../../Drivers/STM32H7xx_HAL_Driver/Inc/stm32h7xx_ll_rcc.h:4298:22:LL_RCC_PLL_SetSource	16	static
../../Drivers/STM32H7xx_HAL_Driver/Inc/stm32h7xx_ll_rcc.h:4322:22:LL_RCC_PLL1_Enable	4	static
../../Drivers/STM32H7xx_HAL_Driver/Inc/stm32h7xx_ll_rcc.h:4343:26:LL_RCC_PLL1_IsReady	4	static
../../Drivers/STM32H7xx_HAL_Driver/Inc/stm32h7xx_ll_rcc.h:4354:22:LL_RCC_PLL1P_Enable	4	static
../../Drivers/STM32H7xx_HAL_Driver/Inc/stm32h7xx_ll_rcc.h:4483:22:LL_RCC_PLL1_SetVCOOutputRange	16	static
../../Drivers/STM32H7xx_HAL_Driver/Inc/stm32h7xx_ll_rcc.h:4499:22:LL_RCC_PLL1_SetVCOInputRange	16	static
../../Drivers/STM32H7xx_HAL_Driver/Inc/stm32h7xx_ll_rcc.h:4570:22:LL_RCC_PLL1_SetN	16	static
../../Drivers/STM32H7xx_HAL_Driver/Inc/stm32h7xx_ll_rcc.h:4581:22:LL_RCC_PLL1_SetM	16	static
../../Drivers/STM32H7xx_HAL_Driver/Inc/stm32h7xx_ll_rcc.h:4594:22:LL_RCC_PLL1_SetP	16	static
../../Drivers/STM32H7xx_HAL_Driver/Inc/stm32h7xx_ll_rcc.h:4605:22:LL_RCC_PLL1_SetQ	16	static
../../Drivers/STM32H7xx_HAL_Driver/Inc/stm32h7xx_ll_rcc.h:4616:22:LL_RCC_PLL1_SetR	16	static
../../Drivers/STM32H7xx_HAL_Driver/Inc/stm32h7xx_ll_rcc.h:4636:22:LL_RCC_PLL2_Enable	4	static
../../Drivers/STM32H7xx_HAL_Driver/Inc/stm32h7xx_ll_rcc.h:4657:26:LL_RCC_PLL2_IsReady	4	static
../../Drivers/STM32H7xx_HAL_Driver/Inc/stm32h7xx_ll_rcc.h:4668:22:LL_RCC_PLL2P_Enable	4	static
../../Drivers/STM32H7xx_HAL_Driver/Inc/stm32h7xx_ll_rcc.h:4797:22:LL_RCC_PLL2_SetVCOOutputRange	16	static
../../Drivers/STM32H7xx_HAL_Driver/Inc/stm32h7xx_ll_rcc.h:4813:22:LL_RCC_PLL2_SetVCOInputRange	16	static
../../Drivers/STM32H7xx_HAL_Driver/Inc/stm32h7xx_ll_rcc.h:4884:22:LL_RCC_PLL2_SetN	16	static
../../Drivers/STM32H7xx_HAL_Driver/Inc/stm32h7xx_ll_rcc.h:4895:22:LL_RCC_PLL2_SetM	16	static
../../Drivers/STM32H7xx_HAL_Driver/Inc/stm32h7xx_ll_rcc.h:4906:22:LL_RCC_PLL2_SetP	16	static
../../Drivers/STM32H7xx_HAL_Driver/Inc/stm32h7xx_ll_rcc.h:4917:22:LL_RCC_PLL2_SetQ	16	static
../../Drivers/STM32H7xx_HAL_Driver/Inc/stm32h7xx_ll_rcc.h:4928:22:LL_RCC_PLL2_SetR	16	static
../../Drivers/STM32H7xx_HAL_Driver/Inc/stm32h7xx_ll_bus.h:2814:22:LL_APB4_GRP1_EnableClock	24	static
../../Drivers/STM32H7xx_HAL_Driver/Inc/stm32h7xx_ll_system.h:2333:22:LL_FLASH_SetLatency	16	static
../../Drivers/STM32H7xx_HAL_Driver/Inc/stm32h7xx_ll_system.h:2351:26:LL_FLASH_GetLatency	4	static
../../Drivers/STM32H7xx_HAL_Driver/Inc/stm32h7xx_ll_pwr.h:996:22:LL_PWR_ConfigSupply	16	static
../../Drivers/STM32H7xx_HAL_Driver/Inc/stm32h7xx_ll_pwr.h:1575:22:LL_PWR_SetRegulVoltageScaling	16	static
../../Drivers/STM32H7xx_HAL_Driver/Inc/stm32h7xx_ll_pwr.h:2108:26:LL_PWR_IsActiveFlag_VOS	4	static
../../Drivers/STM32H7xx_HAL_Driver/Inc/stm32h7xx_ll_gpio.h:803:26:LL_GPIO_IsInputPinSet	16	static
../Core/Src/main.c:140:5:main	8	static
../Core/Src/main.c:249:6:SystemClock_Config	8	static
../Core/Src/main.c:311:6:PeriphCommonClock_Config	8	static
../Core/Src/main.c:332:7:convert_adc_to_voltage	16	static
../Core/Src/main.c:336:7:adc_to_voltage	16	static
../Core/Src/main.c:341:7:adc_to_current_out	16	static
../Core/Src/main.c:351:6:Error_Handler	4	static,ignoring_inline_asm
