../../Drivers/STM32H7xx_HAL_Driver/Inc/stm32h7xx_ll_tim.h:1523:22:LL_TIM_EnableCounter	16	static
../../Drivers/STM32H7xx_HAL_Driver/Inc/stm32h7xx_ll_tim.h:1534:22:LL_TIM_DisableCounter	16	static
../../Drivers/STM32H7xx_HAL_Driver/Inc/stm32h7xx_ll_tim.h:2058:22:LL_TIM_CC_EnableChannel	16	static
../../Drivers/STM32H7xx_HAL_Driver/Inc/stm32h7xx_ll_tim.h:2654:22:LL_TIM_OC_SetCompareCH1	16	static
../../Drivers/STM32H7xx_HAL_Driver/Inc/stm32h7xx_ll_tim.h:2671:22:LL_TIM_OC_SetCompareCH2	16	static
../../Drivers/STM32H7xx_HAL_Driver/Inc/stm32h7xx_ll_tim.h:2688:22:LL_TIM_OC_SetCompareCH3	16	static
../../Drivers/STM32H7xx_HAL_Driver/Inc/stm32h7xx_ll_tim.h:3917:22:LL_TIM_EnableAllOutputs	16	static
../../Drivers/STM32H7xx_HAL_Driver/Inc/stm32h7xx_ll_tim.h:4203:22:LL_TIM_ClearFlag_UPDATE	16	static
../../Drivers/STM32H7xx_HAL_Driver/Inc/stm32h7xx_ll_tim.h:4214:26:LL_TIM_IsActiveFlag_UPDATE	16	static
../../Drivers/STM32H7xx_HAL_Driver/Inc/stm32h7xx_ll_tim.h:4566:22:LL_TIM_EnableIT_UPDATE	16	static
../../Drivers/STM32H7xx_HAL_Driver/Inc/stm32h7xx_ll_tim.h:4577:22:LL_TIM_DisableIT_UPDATE	16	static
../../Drivers/STM32H7xx_HAL_Driver/Inc/stm32h7xx_ll_gpio.h:884:22:LL_GPIO_SetOutputPin	16	static
../Core/Src/power_on.c:20:6:PowerOnSequence_Start	8	static
../Core/Src/power_on.c:43:6:PowerOnSequence_Update	8	static
../Core/Src/power_on.c:72:6:Fan_Start	8	static
../Core/Src/power_on.c:87:6:Controll_Start	8	static
../Core/Src/power_on.c:95:6:Buck_Start	8	static
../Core/Src/power_on.c:106:6:CEC_Start	8	static
../Core/Src/power_on.c:115:6:Mesurments_Start	8	static
