../../Drivers/STM32H7xx_HAL_Driver/Inc/stm32h7xx_ll_tim.h:2058:22:LL_TIM_CC_EnableChannel	16	static
../../Drivers/STM32H7xx_HAL_Driver/Inc/stm32h7xx_ll_tim.h:2087:22:LL_TIM_CC_DisableChannel	16	static
../../Drivers/STM32H7xx_HAL_Driver/Inc/stm32h7xx_ll_tim.h:2654:22:LL_TIM_OC_SetCompareCH1	16	static
../../Drivers/STM32H7xx_HAL_Driver/Inc/stm32h7xx_ll_tim.h:4203:22:LL_TIM_ClearFlag_UPDATE	16	static
../../Drivers/STM32H7xx_HAL_Driver/Inc/stm32h7xx_ll_tim.h:4214:26:LL_TIM_IsActiveFlag_UPDATE	16	static
../Core/Src/stm32h7xx_it.c:157:6:NMI_Handler	4	static
../Core/Src/stm32h7xx_it.c:172:6:HardFault_Handler	4	static
../Core/Src/stm32h7xx_it.c:187:6:MemManage_Handler	4	static
../Core/Src/stm32h7xx_it.c:202:6:BusFault_Handler	4	static
../Core/Src/stm32h7xx_it.c:217:6:UsageFault_Handler	4	static
../Core/Src/stm32h7xx_it.c:232:6:SVC_Handler	4	static
../Core/Src/stm32h7xx_it.c:245:6:DebugMon_Handler	4	static
../Core/Src/stm32h7xx_it.c:258:6:PendSV_Handler	4	static
../Core/Src/stm32h7xx_it.c:271:6:SysTick_Handler	4	static
../Core/Src/stm32h7xx_it.c:292:6:DMA1_Stream0_IRQHandler	4	static
../Core/Src/stm32h7xx_it.c:306:6:DMA1_Stream1_IRQHandler	4	static
../Core/Src/stm32h7xx_it.c:320:6:TIM4_IRQHandler	8	static
../Core/Src/stm32h7xx_it.c:484:6:TIM8_UP_TIM13_IRQHandler	8	static
../Core/Src/stm32h7xx_it.c:505:5:return_safe_correction_index	16	static
