../../Drivers/STM32H7xx_HAL_Driver/Inc/stm32h7xx_ll_tim.h:2654:22:LL_TIM_OC_SetCompareCH1	16	static
../../Drivers/STM32H7xx_HAL_Driver/Inc/stm32h7xx_ll_tim.h:4203:22:LL_TIM_ClearFlag_UPDATE	16	static
../../Drivers/STM32H7xx_HAL_Driver/Inc/stm32h7xx_ll_tim.h:4214:26:LL_TIM_IsActiveFlag_UPDATE	16	static
../../Drivers/STM32H7xx_HAL_Driver/Inc/stm32h7xx_ll_gpio.h:884:22:LL_GPIO_SetOutputPin	16	static
../../Drivers/STM32H7xx_HAL_Driver/Inc/stm32h7xx_ll_gpio.h:913:22:LL_GPIO_ResetOutputPin	16	static
../Core/Src/stm32h7xx_it.c:78:6:NMI_Handler	4	static
../Core/Src/stm32h7xx_it.c:93:6:HardFault_Handler	4	static
../Core/Src/stm32h7xx_it.c:108:6:MemManage_Handler	4	static
../Core/Src/stm32h7xx_it.c:123:6:BusFault_Handler	4	static
../Core/Src/stm32h7xx_it.c:138:6:UsageFault_Handler	4	static
../Core/Src/stm32h7xx_it.c:153:6:SVC_Handler	4	static
../Core/Src/stm32h7xx_it.c:166:6:DebugMon_Handler	4	static
../Core/Src/stm32h7xx_it.c:179:6:PendSV_Handler	4	static
../Core/Src/stm32h7xx_it.c:192:6:SysTick_Handler	4	static
../Core/Src/stm32h7xx_it.c:213:6:DMA1_Stream0_IRQHandler	4	static
../Core/Src/stm32h7xx_it.c:227:6:DMA1_Stream1_IRQHandler	4	static
../Core/Src/stm32h7xx_it.c:241:6:TIM4_IRQHandler	8	static
