../../Drivers/CMSIS/Include/core_cm7.h:1890:26:__NVIC_GetPriorityGrouping	4	static
../../Drivers/CMSIS/Include/core_cm7.h:1902:22:__NVIC_EnableIRQ	16	static,ignoring_inline_asm
../../Drivers/CMSIS/Include/core_cm7.h:2032:22:__NVIC_SetPriority	16	static
../../Drivers/CMSIS/Include/core_cm7.h:2079:26:NVIC_EncodePriority	40	static
../../Drivers/STM32H7xx_HAL_Driver/Inc/stm32h7xx_ll_bus.h:1384:22:LL_AHB4_GRP1_EnableClock	24	static
../../Drivers/STM32H7xx_HAL_Driver/Inc/stm32h7xx_ll_bus.h:1862:22:LL_APB1_GRP1_EnableClock	24	static
../../Drivers/STM32H7xx_HAL_Driver/Inc/stm32h7xx_ll_bus.h:2480:22:LL_APB2_GRP1_EnableClock	24	static
../../Drivers/STM32H7xx_HAL_Driver/Inc/stm32h7xx_ll_tim.h:1714:22:LL_TIM_DisableARRPreload	16	static
../../Drivers/STM32H7xx_HAL_Driver/Inc/stm32h7xx_ll_tim.h:2431:22:LL_TIM_OC_DisableFast	24	static
../../Drivers/STM32H7xx_HAL_Driver/Inc/stm32h7xx_ll_tim.h:2483:22:LL_TIM_OC_EnablePreload	24	static
../../Drivers/STM32H7xx_HAL_Driver/Inc/stm32h7xx_ll_tim.h:3302:22:LL_TIM_SetClockSource	16	static
../../Drivers/STM32H7xx_HAL_Driver/Inc/stm32h7xx_ll_tim.h:3348:22:LL_TIM_SetTriggerOutput	16	static
../../Drivers/STM32H7xx_HAL_Driver/Inc/stm32h7xx_ll_tim.h:3378:22:LL_TIM_SetTriggerOutput2	16	static
../../Drivers/STM32H7xx_HAL_Driver/Inc/stm32h7xx_ll_tim.h:3457:22:LL_TIM_DisableMasterSlaveMode	16	static
../Core/Src/tim.c:28:6:MX_TIM1_Init	128	static
../Core/Src/tim.c:98:6:MX_TIM2_Init	88	static
../Core/Src/tim.c:149:6:MX_TIM3_Init	88	static
../Core/Src/tim.c:204:6:MX_TIM4_Init	32	static
../Core/Src/tim.c:238:6:MX_TIM8_Init	128	static
../Core/Src/tim.c:341:6:MX_TIM13_Init	32	static
