../../Drivers/CMSIS/Include/core_cm7.h:1871:22:__NVIC_SetPriorityGrouping	24	static
../../Drivers/CMSIS/Include/core_cm7.h:1890:26:__NVIC_GetPriorityGrouping	4	static
../../Drivers/CMSIS/Include/core_cm7.h:1902:22:__NVIC_EnableIRQ	16	static,ignoring_inline_asm
../../Drivers/CMSIS/Include/core_cm7.h:2032:22:__NVIC_SetPriority	16	static
../../Drivers/CMSIS/Include/core_cm7.h:2079:26:NVIC_EncodePriority	40	static
../../Drivers/STM32H7xx_HAL_Driver/Inc/stm32h7xx_ll_adc.h:4255:22:LL_ADC_REG_SetSequencerRanks	32	static
../../Drivers/STM32H7xx_HAL_Driver/Inc/stm32h7xx_ll_adc.h:5409:22:LL_ADC_SetChannelSamplingTime	32	static
../../Drivers/STM32H7xx_HAL_Driver/Inc/stm32h7xx_ll_adc.h:5555:22:LL_ADC_SetChannelSingleDiff	24	static
../../Drivers/STM32H7xx_HAL_Driver/Inc/stm32h7xx_ll_adc.h:6296:22:LL_ADC_SetOverSamplingScope	16	static
../../Drivers/STM32H7xx_HAL_Driver/Inc/stm32h7xx_ll_adc.h:6818:22:LL_ADC_DisableDeepPowerDown	16	static
../../Drivers/STM32H7xx_HAL_Driver/Inc/stm32h7xx_ll_adc.h:6851:22:LL_ADC_EnableInternalRegulator	16	static
../../Drivers/STM32H7xx_HAL_Driver/Inc/stm32h7xx_ll_adc.h:6902:22:LL_ADC_Enable	16	static
../../Drivers/STM32H7xx_HAL_Driver/Inc/stm32h7xx_ll_adc.h:7037:22:LL_ADC_REG_StartConversion	16	static
../../Drivers/STM32H7xx_HAL_Driver/Inc/stm32h7xx_ll_adc.h:7462:26:LL_ADC_IsActiveFlag_ADRDY	16	static
../../Drivers/STM32H7xx_HAL_Driver/Inc/stm32h7xx_ll_dma.h:489:22:LL_DMA_EnableStream	24	static
../../Drivers/STM32H7xx_HAL_Driver/Inc/stm32h7xx_ll_dma.h:602:22:LL_DMA_SetDataTransferDirection	32	static
../../Drivers/STM32H7xx_HAL_Driver/Inc/stm32h7xx_ll_dma.h:654:22:LL_DMA_SetMode	32	static
../../Drivers/STM32H7xx_HAL_Driver/Inc/stm32h7xx_ll_dma.h:705:22:LL_DMA_SetPeriphIncMode	32	static
../../Drivers/STM32H7xx_HAL_Driver/Inc/stm32h7xx_ll_dma.h:754:22:LL_DMA_SetMemoryIncMode	32	static
../../Drivers/STM32H7xx_HAL_Driver/Inc/stm32h7xx_ll_dma.h:804:22:LL_DMA_SetPeriphSize	32	static
../../Drivers/STM32H7xx_HAL_Driver/Inc/stm32h7xx_ll_dma.h:855:22:LL_DMA_SetMemorySize	32	static
../../Drivers/STM32H7xx_HAL_Driver/Inc/stm32h7xx_ll_dma.h:956:22:LL_DMA_SetStreamPriorityLevel	32	static
../../Drivers/STM32H7xx_HAL_Driver/Inc/stm32h7xx_ll_dma.h:1051:22:LL_DMA_SetDataLength	32	static
../../Drivers/STM32H7xx_HAL_Driver/Inc/stm32h7xx_ll_dma.h:1238:22:LL_DMA_SetPeriphRequest	24	static
../../Drivers/STM32H7xx_HAL_Driver/Inc/stm32h7xx_ll_dma.h:1668:22:LL_DMA_DisableFifoMode	24	static
../../Drivers/STM32H7xx_HAL_Driver/Inc/stm32h7xx_ll_dma.h:1840:22:LL_DMA_SetMemoryAddress	32	static
../../Drivers/STM32H7xx_HAL_Driver/Inc/stm32h7xx_ll_dma.h:1865:22:LL_DMA_SetPeriphAddress	32	static
../../Drivers/STM32H7xx_HAL_Driver/Inc/stm32h7xx_ll_rcc.h:1704:22:LL_RCC_HSI_Enable	4	static
../../Drivers/STM32H7xx_HAL_Driver/Inc/stm32h7xx_ll_rcc.h:1724:26:LL_RCC_HSI_IsReady	4	static
../../Drivers/STM32H7xx_HAL_Driver/Inc/stm32h7xx_ll_rcc.h:1749:22:LL_RCC_HSI_SetDivider	16	static
../../Drivers/STM32H7xx_HAL_Driver/Inc/stm32h7xx_ll_rcc.h:1809:22:LL_RCC_HSI_SetCalibTrimming	16	static
../../Drivers/STM32H7xx_HAL_Driver/Inc/stm32h7xx_ll_rcc.h:2405:22:LL_RCC_SetSysClkSource	16	static
../../Drivers/STM32H7xx_HAL_Driver/Inc/stm32h7xx_ll_rcc.h:2419:26:LL_RCC_GetSysClkSource	4	static
../../Drivers/STM32H7xx_HAL_Driver/Inc/stm32h7xx_ll_rcc.h:2489:22:LL_RCC_SetSysPrescaler	16	static
../../Drivers/STM32H7xx_HAL_Driver/Inc/stm32h7xx_ll_rcc.h:2513:22:LL_RCC_SetAHBPrescaler	16	static
../../Drivers/STM32H7xx_HAL_Driver/Inc/stm32h7xx_ll_rcc.h:2533:22:LL_RCC_SetAPB1Prescaler	16	static
../../Drivers/STM32H7xx_HAL_Driver/Inc/stm32h7xx_ll_rcc.h:2553:22:LL_RCC_SetAPB2Prescaler	16	static
../../Drivers/STM32H7xx_HAL_Driver/Inc/stm32h7xx_ll_rcc.h:2573:22:LL_RCC_SetAPB3Prescaler	16	static
../../Drivers/STM32H7xx_HAL_Driver/Inc/stm32h7xx_ll_rcc.h:2593:22:LL_RCC_SetAPB4Prescaler	16	static
../../Drivers/STM32H7xx_HAL_Driver/Inc/stm32h7xx_ll_rcc.h:3341:22:LL_RCC_SetADCClockSource	16	static
../../Drivers/STM32H7xx_HAL_Driver/Inc/stm32h7xx_ll_rcc.h:4298:22:LL_RCC_PLL_SetSource	16	static
../../Drivers/STM32H7xx_HAL_Driver/Inc/stm32h7xx_ll_rcc.h:4322:22:LL_RCC_PLL1_Enable	4	static
../../Drivers/STM32H7xx_HAL_Driver/Inc/stm32h7xx_ll_rcc.h:4343:26:LL_RCC_PLL1_IsReady	4	static
../../Drivers/STM32H7xx_HAL_Driver/Inc/stm32h7xx_ll_rcc.h:4354:22:LL_RCC_PLL1P_Enable	4	static
../../Drivers/STM32H7xx_HAL_Driver/Inc/stm32h7xx_ll_rcc.h:4483:22:LL_RCC_PLL1_SetVCOOutputRange	16	static
../../Drivers/STM32H7xx_HAL_Driver/Inc/stm32h7xx_ll_rcc.h:4499:22:LL_RCC_PLL1_SetVCOInputRange	16	static
../../Drivers/STM32H7xx_HAL_Driver/Inc/stm32h7xx_ll_rcc.h:4570:22:LL_RCC_PLL1_SetN	16	static
../../Drivers/STM32H7xx_HAL_Driver/Inc/stm32h7xx_ll_rcc.h:4581:22:LL_RCC_PLL1_SetM	16	static
../../Drivers/STM32H7xx_HAL_Driver/Inc/stm32h7xx_ll_rcc.h:4594:22:LL_RCC_PLL1_SetP	16	static
../../Drivers/STM32H7xx_HAL_Driver/Inc/stm32h7xx_ll_rcc.h:4605:22:LL_RCC_PLL1_SetQ	16	static
../../Drivers/STM32H7xx_HAL_Driver/Inc/stm32h7xx_ll_rcc.h:4616:22:LL_RCC_PLL1_SetR	16	static
../../Drivers/STM32H7xx_HAL_Driver/Inc/stm32h7xx_ll_rcc.h:4636:22:LL_RCC_PLL2_Enable	4	static
../../Drivers/STM32H7xx_HAL_Driver/Inc/stm32h7xx_ll_rcc.h:4657:26:LL_RCC_PLL2_IsReady	4	static
../../Drivers/STM32H7xx_HAL_Driver/Inc/stm32h7xx_ll_rcc.h:4668:22:LL_RCC_PLL2P_Enable	4	static
../../Drivers/STM32H7xx_HAL_Driver/Inc/stm32h7xx_ll_rcc.h:4797:22:LL_RCC_PLL2_SetVCOOutputRange	16	static
../../Drivers/STM32H7xx_HAL_Driver/Inc/stm32h7xx_ll_rcc.h:4813:22:LL_RCC_PLL2_SetVCOInputRange	16	static
../../Drivers/STM32H7xx_HAL_Driver/Inc/stm32h7xx_ll_rcc.h:4884:22:LL_RCC_PLL2_SetN	16	static
../../Drivers/STM32H7xx_HAL_Driver/Inc/stm32h7xx_ll_rcc.h:4895:22:LL_RCC_PLL2_SetM	16	static
../../Drivers/STM32H7xx_HAL_Driver/Inc/stm32h7xx_ll_rcc.h:4906:22:LL_RCC_PLL2_SetP	16	static
../../Drivers/STM32H7xx_HAL_Driver/Inc/stm32h7xx_ll_rcc.h:4917:22:LL_RCC_PLL2_SetQ	16	static
../../Drivers/STM32H7xx_HAL_Driver/Inc/stm32h7xx_ll_rcc.h:4928:22:LL_RCC_PLL2_SetR	16	static
../../Drivers/STM32H7xx_HAL_Driver/Inc/stm32h7xx_ll_bus.h:872:22:LL_AHB1_GRP1_EnableClock	24	static
../../Drivers/STM32H7xx_HAL_Driver/Inc/stm32h7xx_ll_bus.h:1384:22:LL_AHB4_GRP1_EnableClock	24	static
../../Drivers/STM32H7xx_HAL_Driver/Inc/stm32h7xx_ll_bus.h:2480:22:LL_APB2_GRP1_EnableClock	24	static
../../Drivers/STM32H7xx_HAL_Driver/Inc/stm32h7xx_ll_bus.h:2814:22:LL_APB4_GRP1_EnableClock	24	static
../../Drivers/STM32H7xx_HAL_Driver/Inc/stm32h7xx_ll_system.h:2333:22:LL_FLASH_SetLatency	16	static
../../Drivers/STM32H7xx_HAL_Driver/Inc/stm32h7xx_ll_system.h:2351:26:LL_FLASH_GetLatency	4	static
../../Drivers/STM32H7xx_HAL_Driver/Inc/stm32h7xx_ll_pwr.h:996:22:LL_PWR_ConfigSupply	16	static
../../Drivers/STM32H7xx_HAL_Driver/Inc/stm32h7xx_ll_pwr.h:1575:22:LL_PWR_SetRegulVoltageScaling	16	static
../../Drivers/STM32H7xx_HAL_Driver/Inc/stm32h7xx_ll_pwr.h:2108:26:LL_PWR_IsActiveFlag_VOS	4	static
../../Drivers/STM32H7xx_HAL_Driver/Inc/stm32h7xx_ll_tim.h:1523:22:LL_TIM_EnableCounter	16	static
../../Drivers/STM32H7xx_HAL_Driver/Inc/stm32h7xx_ll_tim.h:1714:22:LL_TIM_DisableARRPreload	16	static
../../Drivers/STM32H7xx_HAL_Driver/Inc/stm32h7xx_ll_tim.h:2058:22:LL_TIM_CC_EnableChannel	16	static
../../Drivers/STM32H7xx_HAL_Driver/Inc/stm32h7xx_ll_tim.h:2431:22:LL_TIM_OC_DisableFast	24	static
../../Drivers/STM32H7xx_HAL_Driver/Inc/stm32h7xx_ll_tim.h:2483:22:LL_TIM_OC_EnablePreload	24	static
../../Drivers/STM32H7xx_HAL_Driver/Inc/stm32h7xx_ll_tim.h:2654:22:LL_TIM_OC_SetCompareCH1	16	static
../../Drivers/STM32H7xx_HAL_Driver/Inc/stm32h7xx_ll_tim.h:3302:22:LL_TIM_SetClockSource	16	static
../../Drivers/STM32H7xx_HAL_Driver/Inc/stm32h7xx_ll_tim.h:3348:22:LL_TIM_SetTriggerOutput	16	static
../../Drivers/STM32H7xx_HAL_Driver/Inc/stm32h7xx_ll_tim.h:3378:22:LL_TIM_SetTriggerOutput2	16	static
../../Drivers/STM32H7xx_HAL_Driver/Inc/stm32h7xx_ll_tim.h:3457:22:LL_TIM_DisableMasterSlaveMode	16	static
../../Drivers/STM32H7xx_HAL_Driver/Inc/stm32h7xx_ll_tim.h:3917:22:LL_TIM_EnableAllOutputs	16	static
../../Drivers/STM32H7xx_HAL_Driver/Inc/stm32h7xx_ll_gpio.h:884:22:LL_GPIO_SetOutputPin	16	static
../../Drivers/STM32H7xx_HAL_Driver/Inc/stm32h7xx_ll_gpio.h:913:22:LL_GPIO_ResetOutputPin	16	static
../Core/Src/main.c:94:5:main	16	static
../Core/Src/main.c:252:6:SystemClock_Config	8	static
../Core/Src/main.c:314:6:PeriphCommonClock_Config	8	static
../Core/Src/main.c:338:13:MX_ADC1_Init	88	static
../Core/Src/main.c:457:13:MX_ADC2_Init	72	static
../Core/Src/main.c:566:13:MX_TIM1_Init	128	static
../Core/Src/main.c:640:13:MX_DMA_Init	8	static
../Core/Src/main.c:662:13:MX_GPIO_Init	32	static
../Core/Src/main.c:691:7:adc_to_voltage	16	static
../Core/Src/main.c:697:7:adc_to_current	32	static
../Core/Src/main.c:708:6:regulate_duty_fast	16	static
../Core/Src/main.c:735:6:Error_Handler	4	static,ignoring_inline_asm
